Archive member included to satisfy reference by file (symbol)

D:/ST/STM32CubeIDE_1.15.1/STM32CubeIDE/plugins/com.st.stm32cube.ide.mcu.externaltools.gnu-tools-for-stm32.12.3.rel1.win32_1.0.200.202406191623/tools/bin/../lib/gcc/arm-none-eabi/12.3.1/../../../../arm-none-eabi/lib/thumb/v7e-m+dp/hard\libc_nano.a(libc_a-exit.o)
                              D:/ST/STM32CubeIDE_1.15.1/STM32CubeIDE/plugins/com.st.stm32cube.ide.mcu.externaltools.gnu-tools-for-stm32.12.3.rel1.win32_1.0.200.202406191623/tools/bin/../lib/gcc/arm-none-eabi/12.3.1/../../../../arm-none-eabi/lib/thumb/v7e-m+dp/hard/crt0.o (exit)
D:/ST/STM32CubeIDE_1.15.1/STM32CubeIDE/plugins/com.st.stm32cube.ide.mcu.externaltools.gnu-tools-for-stm32.12.3.rel1.win32_1.0.200.202406191623/tools/bin/../lib/gcc/arm-none-eabi/12.3.1/../../../../arm-none-eabi/lib/thumb/v7e-m+dp/hard\libc_nano.a(libc_a-findfp.o)
                              D:/ST/STM32CubeIDE_1.15.1/STM32CubeIDE/plugins/com.st.stm32cube.ide.mcu.externaltools.gnu-tools-for-stm32.12.3.rel1.win32_1.0.200.202406191623/tools/bin/../lib/gcc/arm-none-eabi/12.3.1/../../../../arm-none-eabi/lib/thumb/v7e-m+dp/hard\libc_nano.a(libc_a-exit.o) (__stdio_exit_handler)
D:/ST/STM32CubeIDE_1.15.1/STM32CubeIDE/plugins/com.st.stm32cube.ide.mcu.externaltools.gnu-tools-for-stm32.12.3.rel1.win32_1.0.200.202406191623/tools/bin/../lib/gcc/arm-none-eabi/12.3.1/../../../../arm-none-eabi/lib/thumb/v7e-m+dp/hard\libc_nano.a(libc_a-fwalk.o)
                              D:/ST/STM32CubeIDE_1.15.1/STM32CubeIDE/plugins/com.st.stm32cube.ide.mcu.externaltools.gnu-tools-for-stm32.12.3.rel1.win32_1.0.200.202406191623/tools/bin/../lib/gcc/arm-none-eabi/12.3.1/../../../../arm-none-eabi/lib/thumb/v7e-m+dp/hard\libc_nano.a(libc_a-findfp.o) (_fwalk_sglue)
D:/ST/STM32CubeIDE_1.15.1/STM32CubeIDE/plugins/com.st.stm32cube.ide.mcu.externaltools.gnu-tools-for-stm32.12.3.rel1.win32_1.0.200.202406191623/tools/bin/../lib/gcc/arm-none-eabi/12.3.1/../../../../arm-none-eabi/lib/thumb/v7e-m+dp/hard\libc_nano.a(libc_a-snprintf.o)
                              ./Core/Src/smart_watch.o (snprintf)
D:/ST/STM32CubeIDE_1.15.1/STM32CubeIDE/plugins/com.st.stm32cube.ide.mcu.externaltools.gnu-tools-for-stm32.12.3.rel1.win32_1.0.200.202406191623/tools/bin/../lib/gcc/arm-none-eabi/12.3.1/../../../../arm-none-eabi/lib/thumb/v7e-m+dp/hard\libc_nano.a(libc_a-stdio.o)
                              D:/ST/STM32CubeIDE_1.15.1/STM32CubeIDE/plugins/com.st.stm32cube.ide.mcu.externaltools.gnu-tools-for-stm32.12.3.rel1.win32_1.0.200.202406191623/tools/bin/../lib/gcc/arm-none-eabi/12.3.1/../../../../arm-none-eabi/lib/thumb/v7e-m+dp/hard\libc_nano.a(libc_a-findfp.o) (__sread)
D:/ST/STM32CubeIDE_1.15.1/STM32CubeIDE/plugins/com.st.stm32cube.ide.mcu.externaltools.gnu-tools-for-stm32.12.3.rel1.win32_1.0.200.202406191623/tools/bin/../lib/gcc/arm-none-eabi/12.3.1/../../../../arm-none-eabi/lib/thumb/v7e-m+dp/hard\libc_nano.a(libc_a-memset.o)
                              D:/ST/STM32CubeIDE_1.15.1/STM32CubeIDE/plugins/com.st.stm32cube.ide.mcu.externaltools.gnu-tools-for-stm32.12.3.rel1.win32_1.0.200.202406191623/tools/bin/../lib/gcc/arm-none-eabi/12.3.1/../../../../arm-none-eabi/lib/thumb/v7e-m+dp/hard/crt0.o (memset)
D:/ST/STM32CubeIDE_1.15.1/STM32CubeIDE/plugins/com.st.stm32cube.ide.mcu.externaltools.gnu-tools-for-stm32.12.3.rel1.win32_1.0.200.202406191623/tools/bin/../lib/gcc/arm-none-eabi/12.3.1/../../../../arm-none-eabi/lib/thumb/v7e-m+dp/hard\libc_nano.a(libc_a-closer.o)
                              D:/ST/STM32CubeIDE_1.15.1/STM32CubeIDE/plugins/com.st.stm32cube.ide.mcu.externaltools.gnu-tools-for-stm32.12.3.rel1.win32_1.0.200.202406191623/tools/bin/../lib/gcc/arm-none-eabi/12.3.1/../../../../arm-none-eabi/lib/thumb/v7e-m+dp/hard\libc_nano.a(libc_a-stdio.o) (_close_r)
D:/ST/STM32CubeIDE_1.15.1/STM32CubeIDE/plugins/com.st.stm32cube.ide.mcu.externaltools.gnu-tools-for-stm32.12.3.rel1.win32_1.0.200.202406191623/tools/bin/../lib/gcc/arm-none-eabi/12.3.1/../../../../arm-none-eabi/lib/thumb/v7e-m+dp/hard\libc_nano.a(libc_a-reent.o)
                              D:/ST/STM32CubeIDE_1.15.1/STM32CubeIDE/plugins/com.st.stm32cube.ide.mcu.externaltools.gnu-tools-for-stm32.12.3.rel1.win32_1.0.200.202406191623/tools/bin/../lib/gcc/arm-none-eabi/12.3.1/../../../../arm-none-eabi/lib/thumb/v7e-m+dp/hard\libc_nano.a(libc_a-closer.o) (errno)
D:/ST/STM32CubeIDE_1.15.1/STM32CubeIDE/plugins/com.st.stm32cube.ide.mcu.externaltools.gnu-tools-for-stm32.12.3.rel1.win32_1.0.200.202406191623/tools/bin/../lib/gcc/arm-none-eabi/12.3.1/../../../../arm-none-eabi/lib/thumb/v7e-m+dp/hard\libc_nano.a(libc_a-impure.o)
                              D:/ST/STM32CubeIDE_1.15.1/STM32CubeIDE/plugins/com.st.stm32cube.ide.mcu.externaltools.gnu-tools-for-stm32.12.3.rel1.win32_1.0.200.202406191623/tools/bin/../lib/gcc/arm-none-eabi/12.3.1/../../../../arm-none-eabi/lib/thumb/v7e-m+dp/hard\libc_nano.a(libc_a-snprintf.o) (_impure_ptr)
[...]
Memory Configuration

Name             Origin             Length             Attributes
ITCMRAM          0x00000000         0x00010000         xrw
FLASH            0x08000000         0x00020000         xr
DTCMRAM1         0x20000000         0x00010000         xrw
DTCMRAM2         0x20010000         0x00010000         xrw
RAM              0x24000000         0x00100000         xrw
RAM_CD           0x30000000         0x00020000         xrw
RAM_SRD          0x38000000         0x00008000         xrw
*default*        0x00000000         0xffffffff

Linker script and memory map

LOAD D:/ST/STM32CubeIDE_1.15.1/STM32CubeIDE/plugins/com.st.stm32cube.ide.mcu.externaltools.gnu-tools-for-stm32.12.3.rel1.win32_1.0.200.202406191623/tools/bin/../lib/gcc/arm-none-eabi/12.3.1/thumb/v7e-m+dp/hard/crti.o
LOAD D:/ST/STM32CubeIDE_1.15.1/STM32CubeIDE/plugins/com.st.stm32cube.ide.mcu.externaltools.gnu-tools-for-stm32.12.3.rel1.win32_1.0.200.202406191623/tools/bin/../lib/gcc/arm-none-eabi/12.3.1/thumb/v7e-m+dp/hard/crtbegin.o
LOAD D:/ST/STM32CubeIDE_1.15.1/STM32CubeIDE/plugins/com.st.stm32cube.ide.mcu.externaltools.gnu-tools-for-stm32.12.3.rel1.win32_1.0.200.202406191623/tools/bin/../lib/gcc/arm-none-eabi/12.3.1/../../../../arm-none-eabi/lib/thumb/v7e-m+dp/hard/crt0.o
LOAD ./Core/Src/AVI_parser.o
LOAD ./Core/Src/FXLS8974C.o
LOAD ./Core/Src/GC9A01.o
LOAD ./Core/Src/decode_dma.o
LOAD ./Core/Src/main.o
LOAD ./Core/Src/smart_watch.o
LOAD ./Core/Src/stm32h7xx_hal_msp.o
LOAD ./Core/Src/stm32h7xx_it.o
LOAD ./Core/Src/syscalls.o
LOAD ./Core/Src/sysmem.o
LOAD ./Core/Src/system_stm32h7xx.o
LOAD ./Core/Startup/startup_stm32h7b0rbtx.o
LOAD ./Drivers/STM32H7xx_HAL_Driver/Src/stm32h7xx_hal.o
LOAD ./Drivers/STM32H7xx_HAL_Driver/Src/stm32h7xx_hal_adc.o
LOAD ./Drivers/STM32H7xx_HAL_Driver/Src/stm32h7xx_hal_adc_ex.o
LOAD ./Drivers/STM32H7xx_HAL_Driver/Src/stm32h7xx_hal_cortex.o
LOAD ./Drivers/STM32H7xx_HAL_Driver/Src/stm32h7xx_hal_dma.o
LOAD ./Drivers/STM32H7xx_HAL_Driver/Src/stm32h7xx_hal_dma2d.o
LOAD ./Drivers/STM32H7xx_HAL_Driver/Src/stm32h7xx_hal_dma_ex.o
LOAD ./Drivers/STM32H7xx_HAL_Driver/Src/stm32h7xx_hal_exti.o
LOAD ./Drivers/STM32H7xx_HAL_Driver/Src/stm32h7xx_hal_flash.o
LOAD ./Drivers/STM32H7xx_HAL_Driver/Src/stm32h7xx_hal_flash_ex.o
LOAD ./Drivers/STM32H7xx_HAL_Driver/Src/stm32h7xx_hal_gpio.o
LOAD ./Drivers/STM32H7xx_HAL_Driver/Src/stm32h7xx_hal_hsem.o
LOAD ./Drivers/STM32H7xx_HAL_Driver/Src/stm32h7xx_hal_i2c.o
LOAD ./Drivers/STM32H7xx_HAL_Driver/Src/stm32h7xx_hal_i2c_ex.o
LOAD ./Drivers/STM32H7xx_HAL_Driver/Src/stm32h7xx_hal_iwdg.o
LOAD ./Drivers/STM32H7xx_HAL_Driver/Src/stm32h7xx_hal_jpeg.o
LOAD ./Drivers/STM32H7xx_HAL_Driver/Src/stm32h7xx_hal_mdma.o
LOAD ./Drivers/STM32H7xx_HAL_Driver/Src/stm32h7xx_hal_pwr.o
LOAD ./Drivers/STM32H7xx_HAL_Driver/Src/stm32h7xx_hal_pwr_ex.o
LOAD ./Drivers/STM32H7xx_HAL_Driver/Src/stm32h7xx_hal_rcc.o
LOAD ./Drivers/STM32H7xx_HAL_Driver/Src/stm32h7xx_hal_rcc_ex.o
LOAD ./Drivers/STM32H7xx_HAL_Driver/Src/stm32h7xx_hal_rtc.o
LOAD ./Drivers/STM32H7xx_HAL_Driver/Src/stm32h7xx_hal_rtc_ex.o
LOAD ./Drivers/STM32H7xx_HAL_Driver/Src/stm32h7xx_hal_sd.o
LOAD ./Drivers/STM32H7xx_HAL_Driver/Src/stm32h7xx_hal_sd_ex.o
LOAD ./Drivers/STM32H7xx_HAL_Driver/Src/stm32h7xx_hal_spi.o
LOAD ./Drivers/STM32H7xx_HAL_Driver/Src/stm32h7xx_hal_spi_ex.o
LOAD ./Drivers/STM32H7xx_HAL_Driver/Src/stm32h7xx_hal_tim.o
LOAD ./Drivers/STM32H7xx_HAL_Driver/Src/stm32h7xx_hal_tim_ex.o
LOAD ./Drivers/STM32H7xx_HAL_Driver/Src/stm32h7xx_ll_delayblock.o
LOAD ./Drivers/STM32H7xx_HAL_Driver/Src/stm32h7xx_ll_sdmmc.o
LOAD ./FATFS/App/fatfs.o
LOAD ./FATFS/Target/bsp_driver_sd.o
LOAD ./FATFS/Target/fatfs_platform.o
LOAD ./FATFS/Target/sd_diskio.o
LOAD ./Middlewares/Third_Party/FatFs/src/diskio.o
LOAD ./Middlewares/Third_Party/FatFs/src/ff.o
LOAD ./Middlewares/Third_Party/FatFs/src/ff_gen_drv.o
LOAD ./Middlewares/Third_Party/FatFs/src/option/syscall.o
LOAD ./Utilities/JPEG/jpeg_utils.o
LOAD C:\Users\andre\Desktop\OSHLab_project\OpenWrist\OpenWrist_fw\Lib\libarm_cortexM7lfsp_math.a
START GROUP
LOAD D:/ST/STM32CubeIDE_1.15.1/STM32CubeIDE/plugins/com.st.stm32cube.ide.mcu.externaltools.gnu-tools-for-stm32.12.3.rel1.win32_1.0.200.202406191623/tools/bin/../lib/gcc/arm-none-eabi/12.3.1/../../../../arm-none-eabi/lib/thumb/v7e-m+dp/hard\libc_nano.a
LOAD D:/ST/STM32CubeIDE_1.15.1/STM32CubeIDE/plugins/com.st.stm32cube.ide.mcu.externaltools.gnu-tools-for-stm32.12.3.rel1.win32_1.0.200.202406191623/tools/bin/../lib/gcc/arm-none-eabi/12.3.1/../../../../arm-none-eabi/lib/thumb/v7e-m+dp/hard\libm.a
END GROUP
START GROUP
LOAD D:/ST/STM32CubeIDE_1.15.1/STM32CubeIDE/plugins/com.st.stm32cube.ide.mcu.externaltools.gnu-tools-for-stm32.12.3.rel1.win32_1.0.200.202406191623/tools/bin/../lib/gcc/arm-none-eabi/12.3.1/thumb/v7e-m+dp/hard\libgcc.a
LOAD D:/ST/STM32CubeIDE_1.15.1/STM32CubeIDE/plugins/com.st.stm32cube.ide.mcu.externaltools.gnu-tools-for-stm32.12.3.rel1.win32_1.0.200.202406191623/tools/bin/../lib/gcc/arm-none-eabi/12.3.1/../../../../arm-none-eabi/lib/thumb/v7e-m+dp/hard\libc_nano.a
END GROUP
START GROUP
LOAD D:/ST/STM32CubeIDE_1.15.1/STM32CubeIDE/plugins/com.st.stm32cube.ide.mcu.externaltools.gnu-tools-for-stm32.12.3.rel1.win32_1.0.200.202406191623/tools/bin/../lib/gcc/arm-none-eabi/12.3.1/thumb/v7e-m+dp/hard\libgcc.a
LOAD D:/ST/STM32CubeIDE_1.15.1/STM32CubeIDE/plugins/com.st.stm32cube.ide.mcu.externaltools.gnu-tools-for-stm32.12.3.rel1.win32_1.0.200.202406191623/tools/bin/../lib/gcc/arm-none-eabi/12.3.1/../../../../arm-none-eabi/lib/thumb/v7e-m+dp/hard\libc_nano.a
LOAD D:/ST/STM32CubeIDE_1.15.1/STM32CubeIDE/plugins/com.st.stm32cube.ide.mcu.externaltools.gnu-tools-for-stm32.12.3.rel1.win32_1.0.200.202406191623/tools/bin/../lib/gcc/arm-none-eabi/12.3.1/../../../../arm-none-eabi/lib/thumb/v7e-m+dp/hard\libnosys.a
END GROUP
START GROUP
LOAD D:/ST/STM32CubeIDE_1.15.1/STM32CubeIDE/plugins/com.st.stm32cube.ide.mcu.externaltools.gnu-tools-for-stm32.12.3.rel1.win32_1.0.200.202406191623/tools/bin/../lib/gcc/arm-none-eabi/12.3.1/thumb/v7e-m+dp/hard\libgcc.a
LOAD D:/ST/STM32CubeIDE_1.15.1/STM32CubeIDE/plugins/com.st.stm32cube.ide.mcu.externaltools.gnu-tools-for-stm32.12.3.rel1.win32_1.0.200.202406191623/tools/bin/../lib/gcc/arm-none-eabi/12.3.1/../../../../arm-none-eabi/lib/thumb/v7e-m+dp/hard\libc_nano.a
LOAD D:/ST/STM32CubeIDE_1.15.1/STM32CubeIDE/plugins/com.st.stm32cube.ide.mcu.externaltools.gnu-tools-for-stm32.12.3.rel1.win32_1.0.200.202406191623/tools/bin/../lib/gcc/arm-none-eabi/12.3.1/../../../../arm-none-eabi/lib/thumb/v7e-m+dp/hard\libnosys.a
END GROUP
LOAD D:/ST/STM32CubeIDE_1.15.1/STM32CubeIDE/plugins/com.st.stm32cube.ide.mcu.externaltools.gnu-tools-for-stm32.12.3.rel1.win32_1.0.200.202406191623/tools/bin/../lib/gcc/arm-none-eabi/12.3.1/thumb/v7e-m+dp/hard/crtend.o
LOAD D:/ST/STM32CubeIDE_1.15.1/STM32CubeIDE/plugins/com.st.stm32cube.ide.mcu.externaltools.gnu-tools-for-stm32.12.3.rel1.win32_1.0.200.202406191623/tools/bin/../lib/gcc/arm-none-eabi/12.3.1/thumb/v7e-m+dp/hard/crtn.o
                0x24100000                        _estack = (ORIGIN (RAM) + LENGTH (RAM))
                0x00000400                        _Min_Heap_Size = 0x400
                0x00000800                        _Min_Stack_Size = 0x800

.isr_vector     0x08000000      0x2ac
                0x08000000                        . = ALIGN (0x4)
 *(.isr_vector)
 .isr_vector    0x08000000      0x2ac ./Core/Startup/startup_stm32h7b0rbtx.o
                0x08000000                g_pfnVectors
                0x080002ac                        . = ALIGN (0x4)

.text           0x080002b0    0x10a54
                0x080002b0                        . = ALIGN (0x4)
 *(.text)
 .text          0x080002b0       0x40 D:/ST/STM32CubeIDE_1.15.1/STM32CubeIDE/plugins/com.st.stm32cube.ide.mcu.externaltools.gnu-tools-for-stm32.12.3.rel1.win32_1.0.200.202406191623/tools/bin/../lib/gcc/arm-none-eabi/12.3.1/thumb/v7e-m+dp/hard/crtbegin.o
 .text          0x080002f0       0x10 D:/ST/STM32CubeIDE_1.15.1/STM32CubeIDE/plugins/com.st.stm32cube.ide.mcu.externaltools.gnu-tools-for-stm32.12.3.rel1.win32_1.0.200.202406191623/tools/bin/../lib/gcc/arm-none-eabi/12.3.1/../../../../arm-none-eabi/lib/thumb/v7e-m+dp/hard\libc_nano.a(libc_a-strlen.o)
                0x080002f0                strlen
 .text          0x08000300       0xa0 D:/ST/STM32CubeIDE_1.15.1/STM32CubeIDE/plugins/com.st.stm32cube.ide.mcu.externaltools.gnu-tools-for-stm32.12.3.rel1.win32_1.0.200.202406191623/tools/bin/../lib/gcc/arm-none-eabi/12.3.1/../../../../arm-none-eabi/lib/thumb/v7e-m+dp/hard\libc_nano.a(libc_a-memchr.o)
                0x08000300                memchr
 *(.text*)
 .text.AVI_ParserInit
                0x080003a0      0x284 ./Core/Src/AVI_parser.o
                0x080003a0                AVI_ParserInit
 .text.AVI_GetFrame
                0x08000624      0x168 ./Core/Src/AVI_parser.o
                0x08000624                AVI_GetFrame
 .text.i2c_register_get
                0x0800078c       0x6c ./Core/Src/FXLS8974C.o
 .text.i2c_register_set.constprop.0
                0x080007f8       0x40 ./Core/Src/FXLS8974C.o
 .text.FXLS8974_I2C_Init
                0x08000838       0x3c ./Core/Src/FXLS8974C.o
                0x08000838                FXLS8974_I2C_Init
 .text.FXLS8974_I2C_Configure
                0x08000874      0x1f0 ./Core/Src/FXLS8974C.o
                0x08000874                FXLS8974_I2C_Configure
 .text.HAL_I2C_MasterTxCpltCallback
                0x08000a64       0x1c ./Core/Src/FXLS8974C.o
                0x08000a64                HAL_I2C_MasterTxCpltCallback
 .text.HAL_I2C_MasterRxCpltCallback
                0x08000a80        0xc ./Core/Src/FXLS8974C.o
                0x08000a80                HAL_I2C_MasterRxCpltCallback
 .text.GC9A01_write_data.constprop.0.isra.0
                0x08000a8c       0x94 ./Core/Src/GC9A01.o
 .text.GC9A01_set_data_command
                0x08000b20       0x30 ./Core/Src/GC9A01.o
                0x08000b20                GC9A01_set_data_command
 .text.GC9A01_set_chip_select
                0x08000b50       0x3c ./Core/Src/GC9A01.o
                0x08000b50                GC9A01_set_chip_select
 .text.GC9A01_write_command
                0x08000b8c       0xa4 ./Core/Src/GC9A01.o
                0x08000b8c                GC9A01_write_command
 .text.GC9A01_write_data
                0x08000c30       0xa0 ./Core/Src/GC9A01.o
                0x08000c30                GC9A01_write_data
 .text.GC9A01_Init
                0x08000cd0      0x8cc ./Core/Src/GC9A01.o
                0x08000cd0                GC9A01_Init
 .text.GC9A01_set_frame
                0x0800159c       0x80 ./Core/Src/GC9A01.o
                0x0800159c                GC9A01_set_frame
 .text.GC9A01_sleep_mode
                0x0800161c       0x28 ./Core/Src/GC9A01.o
                0x0800161c                GC9A01_sleep_mode
 .text.GC9A01_spi_tx
                0x08001644       0x58 ./Core/Src/GC9A01.o
                0x08001644                GC9A01_spi_tx
 .text.JPEG_Decode_DMA
                0x0800169c       0x48 ./Core/Src/decode_dma.o
                0x0800169c                JPEG_Decode_DMA
 .text.HAL_JPEG_InfoReadyCallback
                0x080016e4        0x4 ./Core/Src/decode_dma.o
                0x080016e4                HAL_JPEG_InfoReadyCallback
 .text.HAL_JPEG_GetDataCallback
                0x080016e8       0x48 ./Core/Src/decode_dma.o
                0x080016e8                HAL_JPEG_GetDataCallback
 .text.HAL_JPEG_DataReadyCallback
                0x08001730       0x1c ./Core/Src/decode_dma.o
                0x08001730                HAL_JPEG_DataReadyCallback
 .text.HAL_JPEG_ErrorCallback
                0x0800174c        0x4 ./Core/Src/decode_dma.o
                0x0800174c                HAL_JPEG_ErrorCallback
 .text.HAL_JPEG_DecodeCpltCallback
                0x08001750        0xc ./Core/Src/decode_dma.o
                0x08001750                HAL_JPEG_DecodeCpltCallback
 .text.SystemClock_Config
                0x0800175c       0xc0 ./Core/Src/main.o
                0x0800175c                SystemClock_Config
 .text.MX_ADC1_Init
                0x0800181c       0xbc ./Core/Src/main.o
                0x0800181c                MX_ADC1_Init
 .text.startup.main
                0x080018d8      0x3e8 ./Core/Src/main.o
                0x080018d8                main
 .text.get_acc_addr
                0x08001cc0        0x8 ./Core/Src/main.o
                0x08001cc0                get_acc_addr
 .text.Error_Handler
                0x08001cc8        0x4 ./Core/Src/main.o
                0x08001cc8                Error_Handler
 .text.file_handler
                0x08001ccc      0x11c ./Core/Src/smart_watch.o
 .text.DMA2D_Init.constprop.0
                0x08001de8       0x98 ./Core/Src/smart_watch.o
 .text.select_dir_draw
                0x08001e80      0x3d4 ./Core/Src/smart_watch.o
 .text.show_frame.constprop.0
                0x08002254      0x198 ./Core/Src/smart_watch.o
 .text.smart_watch_init
                0x080023ec      0x10c ./Core/Src/smart_watch.o
                0x080023ec                smart_watch_init
 .text.smart_watch_process
                0x080024f8      0xb60 ./Core/Src/smart_watch.o
                0x080024f8                smart_watch_process
 .text.lcd_draw
                0x08003058       0x54 ./Core/Src/smart_watch.o
                0x08003058                lcd_draw
 .text.HAL_GPIO_EXTI_Callback
                0x080030ac       0x80 ./Core/Src/smart_watch.o
                0x080030ac                HAL_GPIO_EXTI_Callback
 .text.HAL_SPI_TxCpltCallback
                0x0800312c        0xc ./Core/Src/smart_watch.o
                0x0800312c                HAL_SPI_TxCpltCallback
 .text.HAL_MspInit
                0x08003138       0x24 ./Core/Src/stm32h7xx_hal_msp.o
                0x08003138                HAL_MspInit
 .text.HAL_DMA2D_MspInit
                0x0800315c       0x34 ./Core/Src/stm32h7xx_hal_msp.o
                0x0800315c                HAL_DMA2D_MspInit
 .text.HAL_JPEG_MspInit
                0x08003190      0x100 ./Core/Src/stm32h7xx_hal_msp.o
                0x08003190                HAL_JPEG_MspInit
 .text.HAL_SD_MspInit
                0x08003290      0x124 ./Core/Src/stm32h7xx_hal_msp.o
                0x08003290                HAL_SD_MspInit
 .text.HAL_SPI_MspInit
                0x080033b4       0xf0 ./Core/Src/stm32h7xx_hal_msp.o
                0x080033b4                HAL_SPI_MspInit
 *fill*         0x080034a4        0x4 
 .text.HAL_RTC_MspInit
                0x080034a8       0x58 ./Core/Src/stm32h7xx_hal_msp.o
                0x080034a8                HAL_RTC_MspInit
 .text.HAL_I2C_MspInit
                0x08003500       0xb4 ./Core/Src/stm32h7xx_hal_msp.o
                0x08003500                HAL_I2C_MspInit
 *fill*         0x080035b4        0x4 
 .text.HAL_ADC_MspInit
                0x080035b8       0xb4 ./Core/Src/stm32h7xx_hal_msp.o
                0x080035b8                HAL_ADC_MspInit
 .text.HAL_ADC_MspDeInit
                0x0800366c       0x2c ./Core/Src/stm32h7xx_hal_msp.o
                0x0800366c                HAL_ADC_MspDeInit
 .text.NMI_Handler
                0x08003698        0x4 ./Core/Src/stm32h7xx_it.o
                0x08003698                NMI_Handler
 .text.HardFault_Handler
                0x0800369c        0x4 ./Core/Src/stm32h7xx_it.o
                0x0800369c                HardFault_Handler
 .text.MemManage_Handler
                0x080036a0        0x4 ./Core/Src/stm32h7xx_it.o
                0x080036a0                MemManage_Handler
 .text.BusFault_Handler
                0x080036a4        0x4 ./Core/Src/stm32h7xx_it.o
                0x080036a4                BusFault_Handler
 .text.UsageFault_Handler
                0x080036a8        0x4 ./Core/Src/stm32h7xx_it.o
                0x080036a8                UsageFault_Handler
 .text.SVC_Handler
                0x080036ac        0x4 ./Core/Src/stm32h7xx_it.o
                0x080036ac                SVC_Handler
 .text.DebugMon_Handler
                0x080036b0        0x4 ./Core/Src/stm32h7xx_it.o
                0x080036b0                DebugMon_Handler
 .text.PendSV_Handler
                0x080036b4        0x4 ./Core/Src/stm32h7xx_it.o
                0x080036b4                PendSV_Handler
 .text.SysTick_Handler
                0x080036b8        0x4 ./Core/Src/stm32h7xx_it.o
                0x080036b8                SysTick_Handler
 .text.JPEG_IRQHandler
                0x080036bc        0xc ./Core/Src/stm32h7xx_it.o
                0x080036bc                JPEG_IRQHandler
 .text.MDMA_IRQHandler
                0x080036c8       0x18 ./Core/Src/stm32h7xx_it.o
                0x080036c8                MDMA_IRQHandler
 .text.DMA1_Stream0_IRQHandler
                0x080036e0        0xc ./Core/Src/stm32h7xx_it.o
                0x080036e0                DMA1_Stream0_IRQHandler
 .text.SPI1_IRQHandler
                0x080036ec        0xc ./Core/Src/stm32h7xx_it.o
                0x080036ec                SPI1_IRQHandler
 .text.I2C1_EV_IRQHandler
                0x080036f8        0xc ./Core/Src/stm32h7xx_it.o
                0x080036f8                I2C1_EV_IRQHandler
 .text.EXTI0_IRQHandler
                0x08003704        0x8 ./Core/Src/stm32h7xx_it.o
                0x08003704                EXTI0_IRQHandler
 .text.EXTI1_IRQHandler
                0x0800370c        0x8 ./Core/Src/stm32h7xx_it.o
                0x0800370c                EXTI1_IRQHandler
 .text.EXTI2_IRQHandler
                0x08003714        0x8 ./Core/Src/stm32h7xx_it.o
                0x08003714                EXTI2_IRQHandler
 .text.EXTI9_5_IRQHandler
                0x0800371c        0x8 ./Core/Src/stm32h7xx_it.o
                0x0800371c                EXTI9_5_IRQHandler
 .text._sbrk    0x08003724       0x48 ./Core/Src/sysmem.o
                0x08003724                _sbrk
 .text.SystemInit
                0x0800376c       0xac ./Core/Src/system_stm32h7xx.o
                0x0800376c                SystemInit
 .text.Reset_Handler
                0x08003818       0x50 ./Core/Startup/startup_stm32h7b0rbtx.o
                0x08003818                Reset_Handler
 .text.Default_Handler
                0x08003868        0x2 ./Core/Startup/startup_stm32h7b0rbtx.o
                0x08003868                RTC_Alarm_IRQHandler
                0x08003868                HASH_RNG_IRQHandler
                0x08003868                TIM8_CC_IRQHandler
                0x08003868                UART8_IRQHandler
                0x08003868                BDMA2_Channel1_IRQHandler
                0x08003868                SPI4_IRQHandler
                0x08003868                BDMA2_Channel0_IRQHandler
                0x08003868                TIM1_CC_IRQHandler
                0x08003868                DMA2_Stream5_IRQHandler
                0x08003868                DMA1_Stream5_IRQHandler
                0x08003868                EXTI3_IRQHandler
                0x08003868                LPTIM4_IRQHandler
                0x08003868                TIM8_TRG_COM_TIM14_IRQHandler
                0x08003868                LPTIM2_IRQHandler
                0x08003868                DFSDM1_FLT1_IRQHandler
                0x08003868                DMAMUX2_OVR_IRQHandler
                0x08003868                GFXMMU_IRQHandler
                0x08003868                TIM8_UP_TIM13_IRQHandler
                0x08003868                I2C3_ER_IRQHandler
                0x08003868                DFSDM1_FLT2_IRQHandler
                0x08003868                USART10_IRQHandler
                0x08003868                LPTIM3_IRQHandler
                0x08003868                BDMA2_Channel3_IRQHandler
                0x08003868                HSEM1_IRQHandler
                0x08003868                I2C2_EV_IRQHandler
                0x08003868                DAC2_IRQHandler
                0x08003868                DMA1_Stream2_IRQHandler
                0x08003868                FPU_IRQHandler
                0x08003868                OTG_HS_WKUP_IRQHandler
                0x08003868                FDCAN1_IT1_IRQHandler
                0x08003868                LTDC_ER_IRQHandler
                0x08003868                DMA2_Stream2_IRQHandler
                0x08003868                OCTOSPI1_IRQHandler
                0x08003868                TIM6_DAC_IRQHandler
                0x08003868                BDMA2_Channel6_IRQHandler
                0x08003868                DMA2_Stream3_IRQHandler
                0x08003868                OCTOSPI2_IRQHandler
                0x08003868                SAI2_IRQHandler
                0x08003868                BDMA1_IRQHandler
                0x08003868                DFSDM1_FLT3_IRQHandler
                0x08003868                USART6_IRQHandler
                0x08003868                TIM17_IRQHandler
                0x08003868                USART3_IRQHandler
                0x08003868                CRYP_IRQHandler
                0x08003868                LPTIM5_IRQHandler
                0x08003868                UART5_IRQHandler
                0x08003868                DMA2_Stream0_IRQHandler
                0x08003868                TIM4_IRQHandler
                0x08003868                DMA1_Stream6_IRQHandler
                0x08003868                DMAMUX1_OVR_IRQHandler
                0x08003868                DMA1_Stream1_IRQHandler
                0x08003868                TIM16_IRQHandler
                0x08003868                UART4_IRQHandler
                0x08003868                TIM3_IRQHandler
                0x08003868                RCC_IRQHandler
                0x08003868                UART9_IRQHandler
                0x08003868                TIM8_BRK_TIM12_IRQHandler
                0x08003868                TIM1_TRG_COM_IRQHandler
                0x08003868                Default_Handler
                0x08003868                ECC_IRQHandler
                0x08003868                BDMA2_Channel2_IRQHandler
                0x08003868                CEC_IRQHandler
                0x08003868                EXTI15_10_IRQHandler
                0x08003868                DFSDM1_FLT4_IRQHandler
                0x08003868                ADC_IRQHandler
                0x08003868                OTFDEC1_IRQHandler
                0x08003868                DMA1_Stream7_IRQHandler
                0x08003868                SPI5_IRQHandler
                0x08003868                TIM7_IRQHandler
                0x08003868                SDMMC1_IRQHandler
                0x08003868                TIM5_IRQHandler
                0x08003868                DMA2_Stream7_IRQHandler
                0x08003868                TIM15_IRQHandler
                0x08003868                I2C3_EV_IRQHandler
                0x08003868                DFSDM2_IRQHandler
                0x08003868                RTC_WKUP_IRQHandler
                0x08003868                LTDC_IRQHandler
                0x08003868                SPDIF_RX_IRQHandler
                0x08003868                PVD_PVM_IRQHandler
                0x08003868                SPI2_IRQHandler
                0x08003868                OTG_HS_EP1_IN_IRQHandler
                0x08003868                DFSDM1_FLT5_IRQHandler
                0x08003868                OTFDEC2_IRQHandler
                0x08003868                CRS_IRQHandler
                0x08003868                EXTI4_IRQHandler
                0x08003868                DFSDM1_FLT6_IRQHandler
                0x08003868                FDCAN2_IT1_IRQHandler
                0x08003868                COMP_IRQHandler
                0x08003868                TIM1_UP_IRQHandler
                0x08003868                OTG_HS_EP1_OUT_IRQHandler
                0x08003868                WWDG_IRQHandler
                0x08003868                SPI6_IRQHandler
                0x08003868                MDIOS_IRQHandler
                0x08003868                I2C4_EV_IRQHandler
                0x08003868                FDCAN2_IT0_IRQHandler
                0x08003868                LPUART1_IRQHandler
                0x08003868                FDCAN1_IT0_IRQHandler
                0x08003868                TIM2_IRQHandler
                0x08003868                BDMA2_Channel5_IRQHandler
                0x08003868                OTG_HS_IRQHandler
                0x08003868                DMA2D_IRQHandler
                0x08003868                TIM1_BRK_IRQHandler
                0x08003868                SDMMC2_IRQHandler
                0x08003868                DTS_IRQHandler
                0x08003868                UART7_IRQHandler
                0x08003868                MDIOS_WKUP_IRQHandler
                0x08003868                USART2_IRQHandler
                0x08003868                DFSDM1_FLT0_IRQHandler
                0x08003868                I2C2_ER_IRQHandler
                0x08003868                DMA2_Stream1_IRQHandler
                0x08003868                DFSDM1_FLT7_IRQHandler
                0x08003868                FLASH_IRQHandler
                0x08003868                DMA2_Stream4_IRQHandler
                0x08003868                USART1_IRQHandler
                0x08003868                SPI3_IRQHandler
                0x08003868                WAKEUP_PIN_IRQHandler
                0x08003868                DMA1_Stream4_IRQHandler
                0x08003868                I2C1_ER_IRQHandler
                0x08003868                FMC_IRQHandler
                0x08003868                BDMA2_Channel7_IRQHandler
                0x08003868                FDCAN_CAL_IRQHandler
                0x08003868                SWPMI1_IRQHandler
                0x08003868                LPTIM1_IRQHandler
                0x08003868                DCMI_PSSI_IRQHandler
                0x08003868                I2C4_ER_IRQHandler
                0x08003868                DMA2_Stream6_IRQHandler
                0x08003868                SAI1_IRQHandler
                0x08003868                DMA1_Stream3_IRQHandler
                0x08003868                RTC_TAMP_STAMP_CSS_LSE_IRQHandler
                0x08003868                BDMA2_Channel4_IRQHandler
 *fill*         0x0800386a        0x2 
 .text.HAL_InitTick
                0x0800386c       0x4c ./Drivers/STM32H7xx_HAL_Driver/Src/stm32h7xx_hal.o
                0x0800386c                HAL_InitTick
 .text.HAL_Init
                0x080038b8       0x60 ./Drivers/STM32H7xx_HAL_Driver/Src/stm32h7xx_hal.o
                0x080038b8                HAL_Init
 .text.HAL_IncTick
                0x08003918       0x18 ./Drivers/STM32H7xx_HAL_Driver/Src/stm32h7xx_hal.o
                0x08003918                HAL_IncTick
 .text.HAL_GetTick
                0x08003930        0xc ./Drivers/STM32H7xx_HAL_Driver/Src/stm32h7xx_hal.o
                0x08003930                HAL_GetTick
 .text.HAL_Delay
                0x0800393c       0x24 ./Drivers/STM32H7xx_HAL_Driver/Src/stm32h7xx_hal.o
                0x0800393c                HAL_Delay
 .text.HAL_SuspendTick
                0x08003960       0x10 ./Drivers/STM32H7xx_HAL_Driver/Src/stm32h7xx_hal.o
                0x08003960                HAL_SuspendTick
 .text.HAL_ResumeTick
                0x08003970       0x10 ./Drivers/STM32H7xx_HAL_Driver/Src/stm32h7xx_hal.o
                0x08003970                HAL_ResumeTick
 .text.HAL_ADC_PollForConversion
                0x08003980       0xec ./Drivers/STM32H7xx_HAL_Driver/Src/stm32h7xx_hal_adc.o
                0x08003980                HAL_ADC_PollForConversion
 .text.HAL_ADC_GetValue
                0x08003a6c        0x8 ./Drivers/STM32H7xx_HAL_Driver/Src/stm32h7xx_hal_adc.o
                0x08003a6c                HAL_ADC_GetValue
 .text.HAL_ADC_ConfigChannel
                0x08003a74      0x4d8 ./Drivers/STM32H7xx_HAL_Driver/Src/stm32h7xx_hal_adc.o
                0x08003a74                HAL_ADC_ConfigChannel
 .text.ADC_ConversionStop
                0x08003f4c       0xf4 ./Drivers/STM32H7xx_HAL_Driver/Src/stm32h7xx_hal_adc.o
                0x08003f4c                ADC_ConversionStop
 .text.ADC_Enable
                0x08004040       0x94 ./Drivers/STM32H7xx_HAL_Driver/Src/stm32h7xx_hal_adc.o
                0x08004040                ADC_Enable
 .text.HAL_ADC_Start
                0x080040d4       0xdc ./Drivers/STM32H7xx_HAL_Driver/Src/stm32h7xx_hal_adc.o
                0x080040d4                HAL_ADC_Start
 .text.ADC_Disable
                0x080041b0       0x74 ./Drivers/STM32H7xx_HAL_Driver/Src/stm32h7xx_hal_adc.o
                0x080041b0                ADC_Disable
 .text.HAL_ADC_DeInit
                0x08004224      0x188 ./Drivers/STM32H7xx_HAL_Driver/Src/stm32h7xx_hal_adc.o
                0x08004224                HAL_ADC_DeInit
 .text.HAL_ADC_Stop
                0x080043ac       0x48 ./Drivers/STM32H7xx_HAL_Driver/Src/stm32h7xx_hal_adc.o
                0x080043ac                HAL_ADC_Stop
 .text.ADC_ConfigureBoostMode
                0x080043f4      0x124 ./Drivers/STM32H7xx_HAL_Driver/Src/stm32h7xx_hal_adc.o
                0x080043f4                ADC_ConfigureBoostMode
 .text.HAL_ADC_Init
                0x08004518      0x1cc ./Drivers/STM32H7xx_HAL_Driver/Src/stm32h7xx_hal_adc.o
                0x08004518                HAL_ADC_Init
 .text.HAL_ADCEx_Calibration_Start
                0x080046e4       0xa4 ./Drivers/STM32H7xx_HAL_Driver/Src/stm32h7xx_hal_adc_ex.o
                0x080046e4                HAL_ADCEx_Calibration_Start
 .text.HAL_ADCEx_MultiModeConfigChannel
                0x08004788       0xc4 ./Drivers/STM32H7xx_HAL_Driver/Src/stm32h7xx_hal_adc_ex.o
                0x08004788                HAL_ADCEx_MultiModeConfigChannel
 .text.HAL_NVIC_SetPriorityGrouping
                0x0800484c       0x24 ./Drivers/STM32H7xx_HAL_Driver/Src/stm32h7xx_hal_cortex.o
                0x0800484c                HAL_NVIC_SetPriorityGrouping
 .text.HAL_NVIC_SetPriority
                0x08004870       0x78 ./Drivers/STM32H7xx_HAL_Driver/Src/stm32h7xx_hal_cortex.o
                0x08004870                HAL_NVIC_SetPriority
 .text.HAL_NVIC_EnableIRQ
                0x080048e8       0x1c ./Drivers/STM32H7xx_HAL_Driver/Src/stm32h7xx_hal_cortex.o
                0x080048e8                HAL_NVIC_EnableIRQ
 .text.HAL_NVIC_DisableIRQ
                0x08004904       0x24 ./Drivers/STM32H7xx_HAL_Driver/Src/stm32h7xx_hal_cortex.o
                0x08004904                HAL_NVIC_DisableIRQ
 .text.HAL_NVIC_SystemReset
                0x08004928       0x24 ./Drivers/STM32H7xx_HAL_Driver/Src/stm32h7xx_hal_cortex.o
                0x08004928                HAL_NVIC_SystemReset
 .text.HAL_SYSTICK_Config
                0x0800494c       0x2c ./Drivers/STM32H7xx_HAL_Driver/Src/stm32h7xx_hal_cortex.o
                0x0800494c                HAL_SYSTICK_Config
 .text.DMA_CalcBaseAndBitshift
                0x08004978      0x100 ./Drivers/STM32H7xx_HAL_Driver/Src/stm32h7xx_hal_dma.o
 .text.DMA_CalcDMAMUXChannelBaseAndMask
                0x08004a78       0xd0 ./Drivers/STM32H7xx_HAL_Driver/Src/stm32h7xx_hal_dma.o
 .text.HAL_DMA_Init
                0x08004b48      0x534 ./Drivers/STM32H7xx_HAL_Driver/Src/stm32h7xx_hal_dma.o
                0x08004b48                HAL_DMA_Init
 .text.HAL_DMA_Start_IT
                0x0800507c      0x904 ./Drivers/STM32H7xx_HAL_Driver/Src/stm32h7xx_hal_dma.o
                0x0800507c                HAL_DMA_Start_IT
 .text.HAL_DMA_Abort_IT
                0x08005980      0x150 ./Drivers/STM32H7xx_HAL_Driver/Src/stm32h7xx_hal_dma.o
                0x08005980                HAL_DMA_Abort_IT
 .text.HAL_DMA_IRQHandler
                0x08005ad0      0x6fc ./Drivers/STM32H7xx_HAL_Driver/Src/stm32h7xx_hal_dma.o
                0x08005ad0                HAL_DMA_IRQHandler
 .text.HAL_DMA_GetState
                0x080061cc        0x8 ./Drivers/STM32H7xx_HAL_Driver/Src/stm32h7xx_hal_dma.o
                0x080061cc                HAL_DMA_GetState
 .text.HAL_DMA_GetError
                0x080061d4        0x4 ./Drivers/STM32H7xx_HAL_Driver/Src/stm32h7xx_hal_dma.o
                0x080061d4                HAL_DMA_GetError
 .text.HAL_DMA2D_Init
                0x080061d8       0x80 ./Drivers/STM32H7xx_HAL_Driver/Src/stm32h7xx_hal_dma2d.o
                0x080061d8                HAL_DMA2D_Init
 .text.HAL_DMA2D_Start
                0x08006258       0xb8 ./Drivers/STM32H7xx_HAL_Driver/Src/stm32h7xx_hal_dma2d.o
                0x08006258                HAL_DMA2D_Start
 .text.HAL_DMA2D_PollForTransfer
                0x08006310      0x130 ./Drivers/STM32H7xx_HAL_Driver/Src/stm32h7xx_hal_dma2d.o
                0x08006310                HAL_DMA2D_PollForTransfer
 .text.HAL_DMA2D_ConfigLayer
                0x08006440       0xd4 ./Drivers/STM32H7xx_HAL_Driver/Src/stm32h7xx_hal_dma2d.o
                0x08006440                HAL_DMA2D_ConfigLayer
 .text.HAL_GPIO_Init
                0x08006514      0x284 ./Drivers/STM32H7xx_HAL_Driver/Src/stm32h7xx_hal_gpio.o
                0x08006514                HAL_GPIO_Init
 .text.HAL_GPIO_DeInit
                0x08006798      0x194 ./Drivers/STM32H7xx_HAL_Driver/Src/stm32h7xx_hal_gpio.o
                0x08006798                HAL_GPIO_DeInit
 .text.HAL_GPIO_ReadPin
                0x0800692c        0xc ./Drivers/STM32H7xx_HAL_Driver/Src/stm32h7xx_hal_gpio.o
                0x0800692c                HAL_GPIO_ReadPin
 .text.HAL_GPIO_WritePin
                0x08006938        0x8 ./Drivers/STM32H7xx_HAL_Driver/Src/stm32h7xx_hal_gpio.o
                0x08006938                HAL_GPIO_WritePin
 .text.HAL_GPIO_EXTI_IRQHandler
                0x08006940       0x1c ./Drivers/STM32H7xx_HAL_Driver/Src/stm32h7xx_hal_gpio.o
                0x08006940                HAL_GPIO_EXTI_IRQHandler
 .text.HAL_I2C_Init
                0x0800695c       0xb4 ./Drivers/STM32H7xx_HAL_Driver/Src/stm32h7xx_hal_i2c.o
                0x0800695c                HAL_I2C_Init
 .text.HAL_I2C_Master_Seq_Transmit_IT
                0x08006a10      0x158 ./Drivers/STM32H7xx_HAL_Driver/Src/stm32h7xx_hal_i2c.o
                0x08006a10                HAL_I2C_Master_Seq_Transmit_IT
 .text.HAL_I2C_Master_Seq_Receive_IT
                0x08006b68      0x110 ./Drivers/STM32H7xx_HAL_Driver/Src/stm32h7xx_hal_i2c.o
                0x08006b68                HAL_I2C_Master_Seq_Receive_IT
 .text.HAL_I2C_EV_IRQHandler
                0x08006c78       0x10 ./Drivers/STM32H7xx_HAL_Driver/Src/stm32h7xx_hal_i2c.o
                0x08006c78                HAL_I2C_EV_IRQHandler
 .text.HAL_I2C_SlaveTxCpltCallback
                0x08006c88        0x4 ./Drivers/STM32H7xx_HAL_Driver/Src/stm32h7xx_hal_i2c.o
                0x08006c88                HAL_I2C_SlaveTxCpltCallback
 .text.HAL_I2C_SlaveRxCpltCallback
                0x08006c8c        0x4 ./Drivers/STM32H7xx_HAL_Driver/Src/stm32h7xx_hal_i2c.o
                0x08006c8c                HAL_I2C_SlaveRxCpltCallback
 .text.I2C_ITSlaveSeqCplt
                0x08006c90       0xa4 ./Drivers/STM32H7xx_HAL_Driver/Src/stm32h7xx_hal_i2c.o
 .text.HAL_I2C_AddrCallback
                0x08006d34        0x4 ./Drivers/STM32H7xx_HAL_Driver/Src/stm32h7xx_hal_i2c.o
                0x08006d34                HAL_I2C_AddrCallback
 .text.I2C_ITAddrCplt.part.0.constprop.0
                0x08006d38       0x64 ./Drivers/STM32H7xx_HAL_Driver/Src/stm32h7xx_hal_i2c.o
 .text.HAL_I2C_ListenCpltCallback
                0x08006d9c        0x4 ./Drivers/STM32H7xx_HAL_Driver/Src/stm32h7xx_hal_i2c.o
                0x08006d9c                HAL_I2C_ListenCpltCallback
 .text.HAL_I2C_MemTxCpltCallback
                0x08006da0        0x4 ./Drivers/STM32H7xx_HAL_Driver/Src/stm32h7xx_hal_i2c.o
                0x08006da0                HAL_I2C_MemTxCpltCallback
 .text.HAL_I2C_MemRxCpltCallback
                0x08006da4        0x4 ./Drivers/STM32H7xx_HAL_Driver/Src/stm32h7xx_hal_i2c.o
                0x08006da4                HAL_I2C_MemRxCpltCallback
 .text.HAL_I2C_ErrorCallback
                0x08006da8        0x4 ./Drivers/STM32H7xx_HAL_Driver/Src/stm32h7xx_hal_i2c.o
                0x08006da8                HAL_I2C_ErrorCallback
 .text.HAL_I2C_AbortCpltCallback
                0x08006dac        0x4 ./Drivers/STM32H7xx_HAL_Driver/Src/stm32h7xx_hal_i2c.o
                0x08006dac                HAL_I2C_AbortCpltCallback
 .text.I2C_DMAAbort
                0x08006db0       0x40 ./Drivers/STM32H7xx_HAL_Driver/Src/stm32h7xx_hal_i2c.o
 .text.I2C_ITError
                0x08006df0      0x16c ./Drivers/STM32H7xx_HAL_Driver/Src/stm32h7xx_hal_i2c.o
 .text.I2C_ITMasterCplt
                0x08006f5c      0x12c ./Drivers/STM32H7xx_HAL_Driver/Src/stm32h7xx_hal_i2c.o
 .text.I2C_Master_ISR_IT
                0x08007088      0x234 ./Drivers/STM32H7xx_HAL_Driver/Src/stm32h7xx_hal_i2c.o
 .text.I2C_ITSlaveCplt.constprop.0
                0x080072bc      0x298 ./Drivers/STM32H7xx_HAL_Driver/Src/stm32h7xx_hal_i2c.o
 .text.I2C_Slave_ISR_IT
                0x08007554      0x1bc ./Drivers/STM32H7xx_HAL_Driver/Src/stm32h7xx_hal_i2c.o
 .text.HAL_I2CEx_ConfigAnalogFilter
                0x08007710       0x54 ./Drivers/STM32H7xx_HAL_Driver/Src/stm32h7xx_hal_i2c_ex.o
                0x08007710                HAL_I2CEx_ConfigAnalogFilter
 .text.HAL_I2CEx_ConfigDigitalFilter
                0x08007764       0x58 ./Drivers/STM32H7xx_HAL_Driver/Src/stm32h7xx_hal_i2c_ex.o
                0x08007764                HAL_I2CEx_ConfigDigitalFilter
 .text.JPEG_Bits_To_SizeCodes
                0x080077bc       0xa0 ./Drivers/STM32H7xx_HAL_Driver/Src/stm32h7xx_hal_jpeg.o
 .text.JPEG_DCHuff_BitsVals_To_SizeCodes
                0x0800785c       0x54 ./Drivers/STM32H7xx_HAL_Driver/Src/stm32h7xx_hal_jpeg.o
 .text.JPEG_Set_HuffDC_Mem
                0x080078b0      0x154 ./Drivers/STM32H7xx_HAL_Driver/Src/stm32h7xx_hal_jpeg.o
 .text.JPEG_Set_HuffAC_Mem
                0x08007a04      0x114 ./Drivers/STM32H7xx_HAL_Driver/Src/stm32h7xx_hal_jpeg.o
 .text.JPEG_Init_Process
                0x08007b18       0x7c ./Drivers/STM32H7xx_HAL_Driver/Src/stm32h7xx_hal_jpeg.o
 .text.JPEG_DMA_StartProcess
                0x08007b94       0x90 ./Drivers/STM32H7xx_HAL_Driver/Src/stm32h7xx_hal_jpeg.o
 .text.HAL_JPEG_GetInfo.part.0
                0x08007c24      0x1a0 ./Drivers/STM32H7xx_HAL_Driver/Src/stm32h7xx_hal_jpeg.o
 .text.HAL_JPEG_Init
                0x08007dc4      0x264 ./Drivers/STM32H7xx_HAL_Driver/Src/stm32h7xx_hal_jpeg.o
                0x08007dc4                HAL_JPEG_Init
 .text.HAL_JPEG_GetInfo
                0x08008028        0xc ./Drivers/STM32H7xx_HAL_Driver/Src/stm32h7xx_hal_jpeg.o
                0x08008028                HAL_JPEG_GetInfo
 .text.HAL_JPEG_Decode_DMA
                0x08008034       0x7c ./Drivers/STM32H7xx_HAL_Driver/Src/stm32h7xx_hal_jpeg.o
                0x08008034                HAL_JPEG_Decode_DMA
 .text.HAL_JPEG_ConfigInputBuffer
                0x080080b0        0x8 ./Drivers/STM32H7xx_HAL_Driver/Src/stm32h7xx_hal_jpeg.o
                0x080080b0                HAL_JPEG_ConfigInputBuffer
 .text.HAL_JPEG_ConfigOutputBuffer
                0x080080b8        0x8 ./Drivers/STM32H7xx_HAL_Driver/Src/stm32h7xx_hal_jpeg.o
                0x080080b8                HAL_JPEG_ConfigOutputBuffer
 .text.HAL_JPEG_EncodeCpltCallback
                0x080080c0        0x4 ./Drivers/STM32H7xx_HAL_Driver/Src/stm32h7xx_hal_jpeg.o
                0x080080c0                HAL_JPEG_EncodeCpltCallback
 .text.JPEG_MDMAErrorCallback
                0x080080c4       0x2c ./Drivers/STM32H7xx_HAL_Driver/Src/stm32h7xx_hal_jpeg.o
 .text.JPEG_MDMAInCpltCallback
                0x080080f0       0xa8 ./Drivers/STM32H7xx_HAL_Driver/Src/stm32h7xx_hal_jpeg.o
 .text.JPEG_DMA_PollResidualData
                0x08008198       0xb4 ./Drivers/STM32H7xx_HAL_Driver/Src/stm32h7xx_hal_jpeg.o
 .text.JPEG_MDMAOutCpltCallback
                0x0800824c       0x80 ./Drivers/STM32H7xx_HAL_Driver/Src/stm32h7xx_hal_jpeg.o
 .text.JPEG_MDMAOutAbortCallback
                0x080082cc       0x94 ./Drivers/STM32H7xx_HAL_Driver/Src/stm32h7xx_hal_jpeg.o
 .text.JPEG_Process
                0x08008360      0x844 ./Drivers/STM32H7xx_HAL_Driver/Src/stm32h7xx_hal_jpeg.o
 .text.HAL_JPEG_IRQHandler
                0x08008ba4      0x138 ./Drivers/STM32H7xx_HAL_Driver/Src/stm32h7xx_hal_jpeg.o
                0x08008ba4                HAL_JPEG_IRQHandler
 .text.HAL_MDMA_Init
                0x08008cdc       0xf4 ./Drivers/STM32H7xx_HAL_Driver/Src/stm32h7xx_hal_mdma.o
                0x08008cdc                HAL_MDMA_Init
 .text.HAL_MDMA_DeInit
                0x08008dd0       0x48 ./Drivers/STM32H7xx_HAL_Driver/Src/stm32h7xx_hal_mdma.o
                0x08008dd0                HAL_MDMA_DeInit
 .text.HAL_MDMA_Start_IT
                0x08008e18       0xe4 ./Drivers/STM32H7xx_HAL_Driver/Src/stm32h7xx_hal_mdma.o
                0x08008e18                HAL_MDMA_Start_IT
 .text.HAL_MDMA_Abort_IT
                0x08008efc       0x28 ./Drivers/STM32H7xx_HAL_Driver/Src/stm32h7xx_hal_mdma.o
                0x08008efc                HAL_MDMA_Abort_IT
 .text.HAL_MDMA_IRQHandler
                0x08008f24      0x17c ./Drivers/STM32H7xx_HAL_Driver/Src/stm32h7xx_hal_mdma.o
                0x08008f24                HAL_MDMA_IRQHandler
 .text.HAL_PWR_EnterSTOPMode
                0x080090a0       0x4c ./Drivers/STM32H7xx_HAL_Driver/Src/stm32h7xx_hal_pwr.o
                0x080090a0                HAL_PWR_EnterSTOPMode
 .text.HAL_PWREx_ConfigSupply
                0x080090ec       0x48 ./Drivers/STM32H7xx_HAL_Driver/Src/stm32h7xx_hal_pwr_ex.o
                0x080090ec                HAL_PWREx_ConfigSupply
 .text.HAL_RCC_GetSysClockFreq.part.0
                0x08009134       0xe4 ./Drivers/STM32H7xx_HAL_Driver/Src/stm32h7xx_hal_rcc.o
 .text.HAL_RCC_OscConfig
                0x08009218      0x5c8 ./Drivers/STM32H7xx_HAL_Driver/Src/stm32h7xx_hal_rcc.o
                0x08009218                HAL_RCC_OscConfig
 .text.HAL_RCC_GetSysClockFreq
                0x080097e0      0x11c ./Drivers/STM32H7xx_HAL_Driver/Src/stm32h7xx_hal_rcc.o
                0x080097e0                HAL_RCC_GetSysClockFreq
 .text.HAL_RCC_ClockConfig
                0x080098fc      0x254 ./Drivers/STM32H7xx_HAL_Driver/Src/stm32h7xx_hal_rcc.o
                0x080098fc                HAL_RCC_ClockConfig
 .text.HAL_RCC_GetHCLKFreq
                0x08009b50       0x80 ./Drivers/STM32H7xx_HAL_Driver/Src/stm32h7xx_hal_rcc.o
                0x08009b50                HAL_RCC_GetHCLKFreq
 .text.HAL_RCC_GetPCLK1Freq
                0x08009bd0       0x90 ./Drivers/STM32H7xx_HAL_Driver/Src/stm32h7xx_hal_rcc.o
                0x08009bd0                HAL_RCC_GetPCLK1Freq
 .text.RCCEx_PLL2_Config.part.0
                0x08009c60       0xe4 ./Drivers/STM32H7xx_HAL_Driver/Src/stm32h7xx_hal_rcc_ex.o
 .text.RCCEx_PLL3_Config.part.0
                0x08009d44       0xe4 ./Drivers/STM32H7xx_HAL_Driver/Src/stm32h7xx_hal_rcc_ex.o
 .text.HAL_RCCEx_PeriphCLKConfig
                0x08009e28      0xe30 ./Drivers/STM32H7xx_HAL_Driver/Src/stm32h7xx_hal_rcc_ex.o
                0x08009e28                HAL_RCCEx_PeriphCLKConfig
 .text.HAL_RCCEx_GetPLL2ClockFreq
                0x0800ac58      0x134 ./Drivers/STM32H7xx_HAL_Driver/Src/stm32h7xx_hal_rcc_ex.o
                0x0800ac58                HAL_RCCEx_GetPLL2ClockFreq
 .text.HAL_RCCEx_GetPLL3ClockFreq
                0x0800ad8c      0x134 ./Drivers/STM32H7xx_HAL_Driver/Src/stm32h7xx_hal_rcc_ex.o
                0x0800ad8c                HAL_RCCEx_GetPLL3ClockFreq
 .text.HAL_RCCEx_GetPLL1ClockFreq
                0x0800aec0      0x134 ./Drivers/STM32H7xx_HAL_Driver/Src/stm32h7xx_hal_rcc_ex.o
                0x0800aec0                HAL_RCCEx_GetPLL1ClockFreq
 .text.HAL_RCCEx_GetPeriphCLKFreq
                0x0800aff4      0x35c ./Drivers/STM32H7xx_HAL_Driver/Src/stm32h7xx_hal_rcc_ex.o
                0x0800aff4                HAL_RCCEx_GetPeriphCLKFreq
 .text.HAL_RTC_GetTime
                0x0800b350       0x78 ./Drivers/STM32H7xx_HAL_Driver/Src/stm32h7xx_hal_rtc.o
                0x0800b350                HAL_RTC_GetTime
 .text.HAL_RTC_GetDate
                0x0800b3c8       0x6c ./Drivers/STM32H7xx_HAL_Driver/Src/stm32h7xx_hal_rtc.o
                0x0800b3c8                HAL_RTC_GetDate
 .text.RTC_ExitInitMode
                0x0800b434       0x8c ./Drivers/STM32H7xx_HAL_Driver/Src/stm32h7xx_hal_rtc.o
                0x0800b434                RTC_ExitInitMode
 .text.HAL_RTC_Init
                0x0800b4c0       0xe8 ./Drivers/STM32H7xx_HAL_Driver/Src/stm32h7xx_hal_rtc.o
                0x0800b4c0                HAL_RTC_Init
 .text.HAL_RTC_SetTime
                0x0800b5a8      0x144 ./Drivers/STM32H7xx_HAL_Driver/Src/stm32h7xx_hal_rtc.o
                0x0800b5a8                HAL_RTC_SetTime
 .text.HAL_RTC_SetDate
                0x0800b6ec      0x130 ./Drivers/STM32H7xx_HAL_Driver/Src/stm32h7xx_hal_rtc.o
                0x0800b6ec                HAL_RTC_SetDate
 .text.SD_FindSCR.constprop.0
                0x0800b81c       0xe4 ./Drivers/STM32H7xx_HAL_Driver/Src/stm32h7xx_hal_sd.o
 .text.HAL_SD_ReadBlocks
                0x0800b900      0x1c8 ./Drivers/STM32H7xx_HAL_Driver/Src/stm32h7xx_hal_sd.o
                0x0800b900                HAL_SD_ReadBlocks
 .text.HAL_SD_WriteBlocks
                0x0800bac8      0x1c4 ./Drivers/STM32H7xx_HAL_Driver/Src/stm32h7xx_hal_sd.o
                0x0800bac8                HAL_SD_WriteBlocks
 .text.HAL_SD_GetCardCSD
                0x0800bc8c      0x178 ./Drivers/STM32H7xx_HAL_Driver/Src/stm32h7xx_hal_sd.o
                0x0800bc8c                HAL_SD_GetCardCSD
 .text.HAL_SD_InitCard
                0x0800be04      0x274 ./Drivers/STM32H7xx_HAL_Driver/Src/stm32h7xx_hal_sd.o
                0x0800be04                HAL_SD_InitCard
 .text.HAL_SD_GetCardStatus
                0x0800c078      0x1a8 ./Drivers/STM32H7xx_HAL_Driver/Src/stm32h7xx_hal_sd.o
                0x0800c078                HAL_SD_GetCardStatus
 .text.HAL_SD_GetCardInfo
                0x0800c220       0x28 ./Drivers/STM32H7xx_HAL_Driver/Src/stm32h7xx_hal_sd.o
                0x0800c220                HAL_SD_GetCardInfo
 .text.HAL_SD_ConfigWideBusOperation
                0x0800c248      0x194 ./Drivers/STM32H7xx_HAL_Driver/Src/stm32h7xx_hal_sd.o
                0x0800c248                HAL_SD_ConfigWideBusOperation
 .text.HAL_SD_Init
                0x0800c3dc       0xc4 ./Drivers/STM32H7xx_HAL_Driver/Src/stm32h7xx_hal_sd.o
                0x0800c3dc                HAL_SD_Init
 .text.HAL_SD_GetCardState
                0x0800c4a0       0x28 ./Drivers/STM32H7xx_HAL_Driver/Src/stm32h7xx_hal_sd.o
                0x0800c4a0                HAL_SD_GetCardState
 .text.SPI_CloseTransfer
                0x0800c4c8       0xb8 ./Drivers/STM32H7xx_HAL_Driver/Src/stm32h7xx_hal_spi.o
 .text.HAL_SPI_Init
                0x0800c580      0x1b0 ./Drivers/STM32H7xx_HAL_Driver/Src/stm32h7xx_hal_spi.o
                0x0800c580                HAL_SPI_Init
 .text.HAL_SPI_Transmit_DMA
                0x0800c730      0x174 ./Drivers/STM32H7xx_HAL_Driver/Src/stm32h7xx_hal_spi.o
                0x0800c730                HAL_SPI_Transmit_DMA
 .text.SPI_DMATransmitCplt
                0x0800c8a4       0x28 ./Drivers/STM32H7xx_HAL_Driver/Src/stm32h7xx_hal_spi.o
 .text.HAL_SPI_RxCpltCallback
                0x0800c8cc        0x4 ./Drivers/STM32H7xx_HAL_Driver/Src/stm32h7xx_hal_spi.o
                0x0800c8cc                HAL_SPI_RxCpltCallback
 .text.HAL_SPI_TxRxCpltCallback
                0x0800c8d0        0x4 ./Drivers/STM32H7xx_HAL_Driver/Src/stm32h7xx_hal_spi.o
                0x0800c8d0                HAL_SPI_TxRxCpltCallback
 .text.HAL_SPI_TxHalfCpltCallback
                0x0800c8d4        0x4 ./Drivers/STM32H7xx_HAL_Driver/Src/stm32h7xx_hal_spi.o
                0x0800c8d4                HAL_SPI_TxHalfCpltCallback
 .text.SPI_DMAHalfTransmitCplt
                0x0800c8d8        0xc ./Drivers/STM32H7xx_HAL_Driver/Src/stm32h7xx_hal_spi.o
 .text.HAL_SPI_ErrorCallback
                0x0800c8e4        0x4 ./Drivers/STM32H7xx_HAL_Driver/Src/stm32h7xx_hal_spi.o
                0x0800c8e4                HAL_SPI_ErrorCallback
 .text.SPI_DMAError
                0x0800c8e8       0xd8 ./Drivers/STM32H7xx_HAL_Driver/Src/stm32h7xx_hal_spi.o
 .text.SPI_DMAAbortOnError
                0x0800c9c0       0x1c ./Drivers/STM32H7xx_HAL_Driver/Src/stm32h7xx_hal_spi.o
 .text.HAL_SPI_SuspendCallback
                0x0800c9dc        0x4 ./Drivers/STM32H7xx_HAL_Driver/Src/stm32h7xx_hal_spi.o
                0x0800c9dc                HAL_SPI_SuspendCallback
 .text.HAL_SPI_IRQHandler
                0x0800c9e0      0x208 ./Drivers/STM32H7xx_HAL_Driver/Src/stm32h7xx_hal_spi.o
                0x0800c9e0                HAL_SPI_IRQHandler
 .text.SDMMC_Init
                0x0800cbe8       0x38 ./Drivers/STM32H7xx_HAL_Driver/Src/stm32h7xx_ll_sdmmc.o
                0x0800cbe8                SDMMC_Init
 .text.SDMMC_ReadFIFO
                0x0800cc20        0x8 ./Drivers/STM32H7xx_HAL_Driver/Src/stm32h7xx_ll_sdmmc.o
                0x0800cc20                SDMMC_ReadFIFO
 .text.SDMMC_WriteFIFO
                0x0800cc28        0xc ./Drivers/STM32H7xx_HAL_Driver/Src/stm32h7xx_ll_sdmmc.o
                0x0800cc28                SDMMC_WriteFIFO
 .text.SDMMC_PowerState_ON
                0x0800cc34       0x10 ./Drivers/STM32H7xx_HAL_Driver/Src/stm32h7xx_ll_sdmmc.o
                0x0800cc34                SDMMC_PowerState_ON
 .text.SDMMC_GetPowerState
                0x0800cc44        0x8 ./Drivers/STM32H7xx_HAL_Driver/Src/stm32h7xx_ll_sdmmc.o
                0x0800cc44                SDMMC_GetPowerState
 .text.SDMMC_GetResponse
                0x0800cc4c        0x8 ./Drivers/STM32H7xx_HAL_Driver/Src/stm32h7xx_ll_sdmmc.o
                0x0800cc4c                SDMMC_GetResponse
 .text.SDMMC_ConfigData
                0x0800cc54       0x2c ./Drivers/STM32H7xx_HAL_Driver/Src/stm32h7xx_ll_sdmmc.o
                0x0800cc54                SDMMC_ConfigData
 .text.SDMMC_CmdBlockLength
                0x0800cc80      0x158 ./Drivers/STM32H7xx_HAL_Driver/Src/stm32h7xx_ll_sdmmc.o
                0x0800cc80                SDMMC_CmdBlockLength
 .text.SDMMC_CmdReadSingleBlock
                0x0800cdd8      0x158 ./Drivers/STM32H7xx_HAL_Driver/Src/stm32h7xx_ll_sdmmc.o
                0x0800cdd8                SDMMC_CmdReadSingleBlock
 .text.SDMMC_CmdReadMultiBlock
                0x0800cf30      0x158 ./Drivers/STM32H7xx_HAL_Driver/Src/stm32h7xx_ll_sdmmc.o
                0x0800cf30                SDMMC_CmdReadMultiBlock
 .text.SDMMC_CmdWriteSingleBlock
                0x0800d088      0x158 ./Drivers/STM32H7xx_HAL_Driver/Src/stm32h7xx_ll_sdmmc.o
                0x0800d088                SDMMC_CmdWriteSingleBlock
 .text.SDMMC_CmdWriteMultiBlock
                0x0800d1e0      0x158 ./Drivers/STM32H7xx_HAL_Driver/Src/stm32h7xx_ll_sdmmc.o
                0x0800d1e0                SDMMC_CmdWriteMultiBlock
 .text.SDMMC_CmdStopTransfer
                0x0800d338      0x208 ./Drivers/STM32H7xx_HAL_Driver/Src/stm32h7xx_ll_sdmmc.o
                0x0800d338                SDMMC_CmdStopTransfer
 .text.SDMMC_CmdSelDesel
                0x0800d540      0x158 ./Drivers/STM32H7xx_HAL_Driver/Src/stm32h7xx_ll_sdmmc.o
                0x0800d540                SDMMC_CmdSelDesel
 .text.SDMMC_CmdGoIdleState
                0x0800d698       0x58 ./Drivers/STM32H7xx_HAL_Driver/Src/stm32h7xx_ll_sdmmc.o
                0x0800d698                SDMMC_CmdGoIdleState
 .text.SDMMC_CmdOperCond
                0x0800d6f0       0x80 ./Drivers/STM32H7xx_HAL_Driver/Src/stm32h7xx_ll_sdmmc.o
                0x0800d6f0                SDMMC_CmdOperCond
 .text.SDMMC_CmdAppCommand
                0x0800d770      0x158 ./Drivers/STM32H7xx_HAL_Driver/Src/stm32h7xx_ll_sdmmc.o
                0x0800d770                SDMMC_CmdAppCommand
 .text.SDMMC_CmdAppOperCommand
                0x0800d8c8       0x78 ./Drivers/STM32H7xx_HAL_Driver/Src/stm32h7xx_ll_sdmmc.o
                0x0800d8c8                SDMMC_CmdAppOperCommand
 .text.SDMMC_CmdBusWidth
                0x0800d940      0x158 ./Drivers/STM32H7xx_HAL_Driver/Src/stm32h7xx_ll_sdmmc.o
                0x0800d940                SDMMC_CmdBusWidth
 .text.SDMMC_CmdSendSCR
                0x0800da98      0x14c ./Drivers/STM32H7xx_HAL_Driver/Src/stm32h7xx_ll_sdmmc.o
                0x0800da98                SDMMC_CmdSendSCR
 .text.SDMMC_CmdSendCID
                0x0800dbe4       0x7c ./Drivers/STM32H7xx_HAL_Driver/Src/stm32h7xx_ll_sdmmc.o
                0x0800dbe4                SDMMC_CmdSendCID
 .text.SDMMC_CmdSendCSD
                0x0800dc60       0x80 ./Drivers/STM32H7xx_HAL_Driver/Src/stm32h7xx_ll_sdmmc.o
                0x0800dc60                SDMMC_CmdSendCSD
 .text.SDMMC_CmdSetRelAdd
                0x0800dce0       0xc0 ./Drivers/STM32H7xx_HAL_Driver/Src/stm32h7xx_ll_sdmmc.o
                0x0800dce0                SDMMC_CmdSetRelAdd
 .text.SDMMC_CmdSendStatus
                0x0800dda0      0x158 ./Drivers/STM32H7xx_HAL_Driver/Src/stm32h7xx_ll_sdmmc.o
                0x0800dda0                SDMMC_CmdSendStatus
 .text.SDMMC_CmdStatusRegister
                0x0800def8      0x14c ./Drivers/STM32H7xx_HAL_Driver/Src/stm32h7xx_ll_sdmmc.o
                0x0800def8                SDMMC_CmdStatusRegister
 .text.get_fattime
                0x0800e044        0x4 ./FATFS/App/fatfs.o
                0x0800e044                get_fattime
 .text.BSP_SD_ReadBlocks
                0x0800e048       0x24 ./FATFS/Target/bsp_driver_sd.o
                0x0800e048                BSP_SD_ReadBlocks
 .text.BSP_SD_WriteBlocks
                0x0800e06c       0x24 ./FATFS/Target/bsp_driver_sd.o
                0x0800e06c                BSP_SD_WriteBlocks
 .text.BSP_SD_GetCardState
                0x0800e090       0x14 ./FATFS/Target/bsp_driver_sd.o
                0x0800e090                BSP_SD_GetCardState
 .text.BSP_SD_GetCardInfo
                0x0800e0a4        0xc ./FATFS/Target/bsp_driver_sd.o
                0x0800e0a4                BSP_SD_GetCardInfo
 .text.BSP_SD_IsDetected
                0x0800e0b0       0x20 ./FATFS/Target/bsp_driver_sd.o
                0x0800e0b0                BSP_SD_IsDetected
 .text.BSP_SD_Init
                0x0800e0d0       0x30 ./FATFS/Target/bsp_driver_sd.o
                0x0800e0d0                BSP_SD_Init
 .text.BSP_PlatformIsDetected
                0x0800e100       0x18 ./FATFS/Target/fatfs_platform.o
                0x0800e100                BSP_PlatformIsDetected
 .text.SD_initialize
                0x0800e118       0x30 ./FATFS/Target/sd_diskio.o
                0x0800e118                SD_initialize
 .text.SD_status
                0x0800e148       0x20 ./FATFS/Target/sd_diskio.o
                0x0800e148                SD_status
 .text.SD_ioctl
                0x0800e168       0x60 ./FATFS/Target/sd_diskio.o
                0x0800e168                SD_ioctl
 .text.SD_read  0x0800e1c8       0x28 ./FATFS/Target/sd_diskio.o
                0x0800e1c8                SD_read
 .text.SD_write
                0x0800e1f0       0x28 ./FATFS/Target/sd_diskio.o
                0x0800e1f0                SD_write
 .text.disk_status
                0x0800e218       0x14 ./Middlewares/Third_Party/FatFs/src/diskio.o
                0x0800e218                disk_status
 .text.disk_initialize
                0x0800e22c       0x2c ./Middlewares/Third_Party/FatFs/src/diskio.o
                0x0800e22c                disk_initialize
 .text.disk_read
                0x0800e258       0x1c ./Middlewares/Third_Party/FatFs/src/diskio.o
                0x0800e258                disk_read
 .text.disk_write
                0x0800e274       0x1c ./Middlewares/Third_Party/FatFs/src/diskio.o
                0x0800e274                disk_write
 .text.disk_ioctl
                0x0800e290       0x18 ./Middlewares/Third_Party/FatFs/src/diskio.o
                0x0800e290                disk_ioctl
 .text.inc_lock
                0x0800e2a8       0xa8 ./Middlewares/Third_Party/FatFs/src/ff.o
 .text.get_fileinfo.part.0.constprop.0.isra.0
                0x0800e350      0x15c ./Middlewares/Third_Party/FatFs/src/ff.o
 .text.check_fs
                0x0800e4ac       0x84 ./Middlewares/Third_Party/FatFs/src/ff.o
 .text.sync_fs  0x0800e530       0xbc ./Middlewares/Third_Party/FatFs/src/ff.o
 .text.move_window
                0x0800e5ec       0x7c ./Middlewares/Third_Party/FatFs/src/ff.o
 .text.find_volume
                0x0800e668      0x2d4 ./Middlewares/Third_Party/FatFs/src/ff.o
 .text.put_fat.part.0
                0x0800e93c      0x100 ./Middlewares/Third_Party/FatFs/src/ff.o
 .text.get_fat.isra.0
                0x0800ea3c       0xac ./Middlewares/Third_Party/FatFs/src/ff.o
 .text.dir_read.constprop.0
                0x0800eae8      0x13c ./Middlewares/Third_Party/FatFs/src/ff.o
 .text.create_chain
                0x0800ec24      0x1a0 ./Middlewares/Third_Party/FatFs/src/ff.o
 .text.dir_sdi.constprop.0
                0x0800edc4      0x110 ./Middlewares/Third_Party/FatFs/src/ff.o
 .text.follow_path
                0x0800eed4      0x334 ./Middlewares/Third_Party/FatFs/src/ff.o
 .text.remove_chain
                0x0800f208      0x224 ./Middlewares/Third_Party/FatFs/src/ff.o
 .text.dir_register
                0x0800f42c      0x2dc ./Middlewares/Third_Party/FatFs/src/ff.o
 .text.f_mount  0x0800f708       0x98 ./Middlewares/Third_Party/FatFs/src/ff.o
                0x0800f708                f_mount
 .text.f_open   0x0800f7a0      0x2f0 ./Middlewares/Third_Party/FatFs/src/ff.o
                0x0800f7a0                f_open
 .text.f_read   0x0800fa90      0x270 ./Middlewares/Third_Party/FatFs/src/ff.o
                0x0800fa90                f_read
 .text.f_close  0x0800fd00      0x104 ./Middlewares/Third_Party/FatFs/src/ff.o
                0x0800fd00                f_close
 .text.f_lseek  0x0800fe04      0x374 ./Middlewares/Third_Party/FatFs/src/ff.o
                0x0800fe04                f_lseek
 .text.f_opendir
                0x08010178       0x8c ./Middlewares/Third_Party/FatFs/src/ff.o
                0x08010178                f_opendir
 .text.f_closedir
                0x08010204       0x6c ./Middlewares/Third_Party/FatFs/src/ff.o
                0x08010204                f_closedir
 .text.f_readdir
                0x08010270       0xcc ./Middlewares/Third_Party/FatFs/src/ff.o
                0x08010270                f_readdir
 .text.FATFS_LinkDriver
                0x0801033c       0x48 ./Middlewares/Third_Party/FatFs/src/ff_gen_drv.o
                0x0801033c                FATFS_LinkDriver
 .text.snprintf
                0x08010384       0x68 D:/ST/STM32CubeIDE_1.15.1/STM32CubeIDE/plugins/com.st.stm32cube.ide.mcu.externaltools.gnu-tools-for-stm32.12.3.rel1.win32_1.0.200.202406191623/tools/bin/../lib/gcc/arm-none-eabi/12.3.1/../../../../arm-none-eabi/lib/thumb/v7e-m+dp/hard\libc_nano.a(libc_a-snprintf.o)
                0x08010384                sniprintf
                0x08010384                snprintf
 .text.memset   0x080103ec       0x10 D:/ST/STM32CubeIDE_1.15.1/STM32CubeIDE/plugins/com.st.stm32cube.ide.mcu.externaltools.gnu-tools-for-stm32.12.3.rel1.win32_1.0.200.202406191623/tools/bin/../lib/gcc/arm-none-eabi/12.3.1/../../../../arm-none-eabi/lib/thumb/v7e-m+dp/hard\libc_nano.a(libc_a-memset.o)
                0x080103ec                memset
 .text.__errno  0x080103fc        0xc D:/ST/STM32CubeIDE_1.15.1/STM32CubeIDE/plugins/com.st.stm32cube.ide.mcu.externaltools.gnu-tools-for-stm32.12.3.rel1.win32_1.0.200.202406191623/tools/bin/../lib/gcc/arm-none-eabi/12.3.1/../../../../arm-none-eabi/lib/thumb/v7e-m+dp/hard\libc_nano.a(libc_a-errno.o)
                0x080103fc                __errno
 .text.__libc_init_array
                0x08010408       0x48 D:/ST/STM32CubeIDE_1.15.1/STM32CubeIDE/plugins/com.st.stm32cube.ide.mcu.externaltools.gnu-tools-for-stm32.12.3.rel1.win32_1.0.200.202406191623/tools/bin/../lib/gcc/arm-none-eabi/12.3.1/../../../../arm-none-eabi/lib/thumb/v7e-m+dp/hard\libc_nano.a(libc_a-init.o)
                0x08010408                __libc_init_array
 .text.__retarget_lock_acquire_recursive
                0x08010450        0x2 D:/ST/STM32CubeIDE_1.15.1/STM32CubeIDE/plugins/com.st.stm32cube.ide.mcu.externaltools.gnu-tools-for-stm32.12.3.rel1.win32_1.0.200.202406191623/tools/bin/../lib/gcc/arm-none-eabi/12.3.1/../../../../arm-none-eabi/lib/thumb/v7e-m+dp/hard\libc_nano.a(libc_a-lock.o)
                0x08010450                __retarget_lock_acquire_recursive
 .text.__retarget_lock_release_recursive
                0x08010452        0x2 D:/ST/STM32CubeIDE_1.15.1/STM32CubeIDE/plugins/com.st.stm32cube.ide.mcu.externaltools.gnu-tools-for-stm32.12.3.rel1.win32_1.0.200.202406191623/tools/bin/../lib/gcc/arm-none-eabi/12.3.1/../../../../arm-none-eabi/lib/thumb/v7e-m+dp/hard\libc_nano.a(libc_a-lock.o)
                0x08010452                __retarget_lock_release_recursive
 .text._free_r  0x08010454       0x94 D:/ST/STM32CubeIDE_1.15.1/STM32CubeIDE/plugins/com.st.stm32cube.ide.mcu.externaltools.gnu-tools-for-stm32.12.3.rel1.win32_1.0.200.202406191623/tools/bin/../lib/gcc/arm-none-eabi/12.3.1/../../../../arm-none-eabi/lib/thumb/v7e-m+dp/hard\libc_nano.a(libc_a-freer.o)
                0x08010454                _free_r
 .text.sbrk_aligned
                0x080104e8       0x44 D:/ST/STM32CubeIDE_1.15.1/STM32CubeIDE/plugins/com.st.stm32cube.ide.mcu.externaltools.gnu-tools-for-stm32.12.3.rel1.win32_1.0.200.202406191623/tools/bin/../lib/gcc/arm-none-eabi/12.3.1/../../../../arm-none-eabi/lib/thumb/v7e-m+dp/hard\libc_nano.a(libc_a-mallocr.o)
 .text._malloc_r
                0x0801052c      0x100 D:/ST/STM32CubeIDE_1.15.1/STM32CubeIDE/plugins/com.st.stm32cube.ide.mcu.externaltools.gnu-tools-for-stm32.12.3.rel1.win32_1.0.200.202406191623/tools/bin/../lib/gcc/arm-none-eabi/12.3.1/../../../../arm-none-eabi/lib/thumb/v7e-m+dp/hard\libc_nano.a(libc_a-mallocr.o)
                0x0801052c                _malloc_r
 .text.__malloc_lock
                0x0801062c        0xc D:/ST/STM32CubeIDE_1.15.1/STM32CubeIDE/plugins/com.st.stm32cube.ide.mcu.externaltools.gnu-tools-for-stm32.12.3.rel1.win32_1.0.200.202406191623/tools/bin/../lib/gcc/arm-none-eabi/12.3.1/../../../../arm-none-eabi/lib/thumb/v7e-m+dp/hard\libc_nano.a(libc_a-mlock.o)
                0x0801062c                __malloc_lock
 .text.__malloc_unlock
                0x08010638        0xc D:/ST/STM32CubeIDE_1.15.1/STM32CubeIDE/plugins/com.st.stm32cube.ide.mcu.externaltools.gnu-tools-for-stm32.12.3.rel1.win32_1.0.200.202406191623/tools/bin/../lib/gcc/arm-none-eabi/12.3.1/../../../../arm-none-eabi/lib/thumb/v7e-m+dp/hard\libc_nano.a(libc_a-mlock.o)
                0x08010638                __malloc_unlock
 .text.__ssputs_r
                0x08010644       0xb6 D:/ST/STM32CubeIDE_1.15.1/STM32CubeIDE/plugins/com.st.stm32cube.ide.mcu.externaltools.gnu-tools-for-stm32.12.3.rel1.win32_1.0.200.202406191623/tools/bin/../lib/gcc/arm-none-eabi/12.3.1/../../../../arm-none-eabi/lib/thumb/v7e-m+dp/hard\libc_nano.a(libc_a-nano-svfprintf.o)
                0x08010644                __ssputs_r
 *fill*         0x080106fa        0x2 
 .text._svfprintf_r
                0x080106fc      0x1f8 D:/ST/STM32CubeIDE_1.15.1/STM32CubeIDE/plugins/com.st.stm32cube.ide.mcu.externaltools.gnu-tools-for-stm32.12.3.rel1.win32_1.0.200.202406191623/tools/bin/../lib/gcc/arm-none-eabi/12.3.1/../../../../arm-none-eabi/lib/thumb/v7e-m+dp/hard\libc_nano.a(libc_a-nano-svfprintf.o)
                0x080106fc                _svfiprintf_r
                0x080106fc                _svfprintf_r
 .text._printf_common
                0x080108f4       0xda D:/ST/STM32CubeIDE_1.15.1/STM32CubeIDE/plugins/com.st.stm32cube.ide.mcu.externaltools.gnu-tools-for-stm32.12.3.rel1.win32_1.0.200.202406191623/tools/bin/../lib/gcc/arm-none-eabi/12.3.1/../../../../arm-none-eabi/lib/thumb/v7e-m+dp/hard\libc_nano.a(libc_a-nano-vfprintf_i.o)
                0x080108f4                _printf_common
 *fill*         0x080109ce        0x2 
 .text._printf_i
                0x080109d0      0x240 D:/ST/STM32CubeIDE_1.15.1/STM32CubeIDE/plugins/com.st.stm32cube.ide.mcu.externaltools.gnu-tools-for-stm32.12.3.rel1.win32_1.0.200.202406191623/tools/bin/../lib/gcc/arm-none-eabi/12.3.1/../../../../arm-none-eabi/lib/thumb/v7e-m+dp/hard\libc_nano.a(libc_a-nano-vfprintf_i.o)
                0x080109d0                _printf_i
 .text.memmove  0x08010c10       0x34 D:/ST/STM32CubeIDE_1.15.1/STM32CubeIDE/plugins/com.st.stm32cube.ide.mcu.externaltools.gnu-tools-for-stm32.12.3.rel1.win32_1.0.200.202406191623/tools/bin/../lib/gcc/arm-none-eabi/12.3.1/../../../../arm-none-eabi/lib/thumb/v7e-m+dp/hard\libc_nano.a(libc_a-memmove.o)
                0x08010c10                memmove
 .text._sbrk_r  0x08010c44       0x20 D:/ST/STM32CubeIDE_1.15.1/STM32CubeIDE/plugins/com.st.stm32cube.ide.mcu.externaltools.gnu-tools-for-stm32.12.3.rel1.win32_1.0.200.202406191623/tools/bin/../lib/gcc/arm-none-eabi/12.3.1/../../../../arm-none-eabi/lib/thumb/v7e-m+dp/hard\libc_nano.a(libc_a-sbrkr.o)
                0x08010c44                _sbrk_r
 .text.memcpy   0x08010c64       0x1c D:/ST/STM32CubeIDE_1.15.1/STM32CubeIDE/plugins/com.st.stm32cube.ide.mcu.externaltools.gnu-tools-for-stm32.12.3.rel1.win32_1.0.200.202406191623/tools/bin/../lib/gcc/arm-none-eabi/12.3.1/../../../../arm-none-eabi/lib/thumb/v7e-m+dp/hard\libc_nano.a(libc_a-memcpy-stub.o)
                0x08010c64                memcpy
 .text._realloc_r
                0x08010c80       0x5c D:/ST/STM32CubeIDE_1.15.1/STM32CubeIDE/plugins/com.st.stm32cube.ide.mcu.externaltools.gnu-tools-for-stm32.12.3.rel1.win32_1.0.200.202406191623/tools/bin/../lib/gcc/arm-none-eabi/12.3.1/../../../../arm-none-eabi/lib/thumb/v7e-m+dp/hard\libc_nano.a(libc_a-reallocr.o)
                0x08010c80                _realloc_r
 .text._malloc_usable_size_r
                0x08010cdc       0x10 D:/ST/STM32CubeIDE_1.15.1/STM32CubeIDE/plugins/com.st.stm32cube.ide.mcu.externaltools.gnu-tools-for-stm32.12.3.rel1.win32_1.0.200.202406191623/tools/bin/../lib/gcc/arm-none-eabi/12.3.1/../../../../arm-none-eabi/lib/thumb/v7e-m+dp/hard\libc_nano.a(libc_a-msizer.o)
                0x08010cdc                _malloc_usable_size_r
 *(.glue_7)
 .glue_7        0x08010cec        0x0 linker stubs
 *(.glue_7t)
 .glue_7t       0x08010cec        0x0 linker stubs
 *(.eh_frame)
 .eh_frame      0x08010cec        0x0 D:/ST/STM32CubeIDE_1.15.1/STM32CubeIDE/plugins/com.st.stm32cube.ide.mcu.externaltools.gnu-tools-for-stm32.12.3.rel1.win32_1.0.200.202406191623/tools/bin/../lib/gcc/arm-none-eabi/12.3.1/thumb/v7e-m+dp/hard/crtbegin.o
 *(.init)
 .init          0x08010cec        0x4 D:/ST/STM32CubeIDE_1.15.1/STM32CubeIDE/plugins/com.st.stm32cube.ide.mcu.externaltools.gnu-tools-for-stm32.12.3.rel1.win32_1.0.200.202406191623/tools/bin/../lib/gcc/arm-none-eabi/12.3.1/thumb/v7e-m+dp/hard/crti.o
                0x08010cec                _init
 .init          0x08010cf0        0x8 D:/ST/STM32CubeIDE_1.15.1/STM32CubeIDE/plugins/com.st.stm32cube.ide.mcu.externaltools.gnu-tools-for-stm32.12.3.rel1.win32_1.0.200.202406191623/tools/bin/../lib/gcc/arm-none-eabi/12.3.1/thumb/v7e-m+dp/hard/crtn.o
 *(.fini)
 .fini          0x08010cf8        0x4 D:/ST/STM32CubeIDE_1.15.1/STM32CubeIDE/plugins/com.st.stm32cube.ide.mcu.externaltools.gnu-tools-for-stm32.12.3.rel1.win32_1.0.200.202406191623/tools/bin/../lib/gcc/arm-none-eabi/12.3.1/thumb/v7e-m+dp/hard/crti.o
                0x08010cf8                _fini
 .fini          0x08010cfc        0x8 D:/ST/STM32CubeIDE_1.15.1/STM32CubeIDE/plugins/com.st.stm32cube.ide.mcu.externaltools.gnu-tools-for-stm32.12.3.rel1.win32_1.0.200.202406191623/tools/bin/../lib/gcc/arm-none-eabi/12.3.1/thumb/v7e-m+dp/hard/crtn.o
                0x08010d04                        . = ALIGN (0x4)
                0x08010d04                        _etext = .

.vfp11_veneer   0x08010d04        0x0
 .vfp11_veneer  0x08010d04        0x0 linker stubs

.v4_bx          0x08010d04        0x0
 .v4_bx         0x08010d04        0x0 linker stubs

.iplt           0x08010d04        0x0
 .iplt          0x08010d04        0x0 D:/ST/STM32CubeIDE_1.15.1/STM32CubeIDE/plugins/com.st.stm32cube.ide.mcu.externaltools.gnu-tools-for-stm32.12.3.rel1.win32_1.0.200.202406191623/tools/bin/../lib/gcc/arm-none-eabi/12.3.1/thumb/v7e-m+dp/hard/crtbegin.o

.rodata         0x08010d04      0x5fc
                0x08010d04                        . = ALIGN (0x4)
 *(.rodata)
 *(.rodata*)
 .rodata.__AVI_Init.str1.4
                0x08010d04       0x1d ./Core/Src/AVI_parser.o
 *fill*         0x08010d21        0x3 
 .rodata.file_handler.str1.4
                0x08010d24       0x22 ./Core/Src/smart_watch.o
 *fill*         0x08010d46        0x2 
 .rodata.smart_watch_init.str1.4
                0x08010d48        0x3 ./Core/Src/smart_watch.o
 *fill*         0x08010d4b        0x1 
 .rodata.CSWTCH.89
                0x08010d4c      0x100 ./Core/Src/smart_watch.o
 .rodata.GLYPH_QMARK.3
                0x08010e4c        0x5 ./Core/Src/smart_watch.o
 *fill*         0x08010e51        0x3 
 .rodata.GLYPH_Z.4
                0x08010e54        0x5 ./Core/Src/smart_watch.o
 *fill*         0x08010e59        0x3 
 .rodata.GLYPH_Y.5
                0x08010e5c        0x5 ./Core/Src/smart_watch.o
 *fill*         0x08010e61        0x3 
 .rodata.GLYPH_X.6
                0x08010e64        0x5 ./Core/Src/smart_watch.o
 *fill*         0x08010e69        0x3 
 .rodata.GLYPH_W.7
                0x08010e6c        0x5 ./Core/Src/smart_watch.o
 *fill*         0x08010e71        0x3 
 .rodata.GLYPH_V.8
                0x08010e74        0x5 ./Core/Src/smart_watch.o
 *fill*         0x08010e79        0x3 
 .rodata.GLYPH_U.9
                0x08010e7c        0x5 ./Core/Src/smart_watch.o
 *fill*         0x08010e81        0x3 
 .rodata.GLYPH_T.10
                0x08010e84        0x5 ./Core/Src/smart_watch.o
 *fill*         0x08010e89        0x3 
 .rodata.GLYPH_S.11
                0x08010e8c        0x5 ./Core/Src/smart_watch.o
 *fill*         0x08010e91        0x3 
 .rodata.GLYPH_R.12
                0x08010e94        0x5 ./Core/Src/smart_watch.o
 *fill*         0x08010e99        0x3 
 .rodata.GLYPH_Q.13
                0x08010e9c        0x5 ./Core/Src/smart_watch.o
 *fill*         0x08010ea1        0x3 
 .rodata.GLYPH_P.14
                0x08010ea4        0x5 ./Core/Src/smart_watch.o
 *fill*         0x08010ea9        0x3 
 .rodata.GLYPH_O.15
                0x08010eac        0x5 ./Core/Src/smart_watch.o
 *fill*         0x08010eb1        0x3 
 .rodata.GLYPH_N.16
                0x08010eb4        0x5 ./Core/Src/smart_watch.o
 *fill*         0x08010eb9        0x3 
 .rodata.GLYPH_M.17
                0x08010ebc        0x5 ./Core/Src/smart_watch.o
 *fill*         0x08010ec1        0x3 
 .rodata.GLYPH_L.18
                0x08010ec4        0x5 ./Core/Src/smart_watch.o
 *fill*         0x08010ec9        0x3 
 .rodata.GLYPH_K.19
                0x08010ecc        0x5 ./Core/Src/smart_watch.o
 *fill*         0x08010ed1        0x3 
 .rodata.GLYPH_J.20
                0x08010ed4        0x5 ./Core/Src/smart_watch.o
 *fill*         0x08010ed9        0x3 
 .rodata.GLYPH_I.21
                0x08010edc        0x5 ./Core/Src/smart_watch.o
 *fill*         0x08010ee1        0x3 
 .rodata.GLYPH_H.22
                0x08010ee4        0x5 ./Core/Src/smart_watch.o
 *fill*         0x08010ee9        0x3 
 .rodata.GLYPH_G.23
                0x08010eec        0x5 ./Core/Src/smart_watch.o
 *fill*         0x08010ef1        0x3 
 .rodata.GLYPH_F.24
                0x08010ef4        0x5 ./Core/Src/smart_watch.o
 *fill*         0x08010ef9        0x3 
 .rodata.GLYPH_E.25
                0x08010efc        0x5 ./Core/Src/smart_watch.o
 *fill*         0x08010f01        0x3 
 .rodata.GLYPH_D.26
                0x08010f04        0x5 ./Core/Src/smart_watch.o
 *fill*         0x08010f09        0x3 
 .rodata.GLYPH_C.27
                0x08010f0c        0x5 ./Core/Src/smart_watch.o
 *fill*         0x08010f11        0x3 
 .rodata.GLYPH_B.28
                0x08010f14        0x5 ./Core/Src/smart_watch.o
 *fill*         0x08010f19        0x3 
 .rodata.GLYPH_A.29
                0x08010f1c        0x5 ./Core/Src/smart_watch.o
 *fill*         0x08010f21        0x3 
 .rodata.GLYPH_9.30
                0x08010f24        0x5 ./Core/Src/smart_watch.o
 *fill*         0x08010f29        0x3 
 .rodata.GLYPH_8.31
                0x08010f2c        0x5 ./Core/Src/smart_watch.o
 *fill*         0x08010f31        0x3 
 .rodata.GLYPH_7.32
                0x08010f34        0x5 ./Core/Src/smart_watch.o
 *fill*         0x08010f39        0x3 
 .rodata.GLYPH_6.33
                0x08010f3c        0x5 ./Core/Src/smart_watch.o
 *fill*         0x08010f41        0x3 
 .rodata.GLYPH_5.34
                0x08010f44        0x5 ./Core/Src/smart_watch.o
 *fill*         0x08010f49        0x3 
 .rodata.GLYPH_4.35
                0x08010f4c        0x5 ./Core/Src/smart_watch.o
 *fill*         0x08010f51        0x3 
 .rodata.GLYPH_3.36
                0x08010f54        0x5 ./Core/Src/smart_watch.o
 *fill*         0x08010f59        0x3 
 .rodata.GLYPH_2.37
                0x08010f5c        0x5 ./Core/Src/smart_watch.o
 *fill*         0x08010f61        0x3 
 .rodata.GLYPH_1.38
                0x08010f64        0x5 ./Core/Src/smart_watch.o
 *fill*         0x08010f69        0x3 
 .rodata.GLYPH_0.39
                0x08010f6c        0x5 ./Core/Src/smart_watch.o
 *fill*         0x08010f71        0x3 
 .rodata.GLYPH_SLASH.40
                0x08010f74        0x5 ./Core/Src/smart_watch.o
 *fill*         0x08010f79        0x3 
 .rodata.GLYPH_UNDERSCORE.41
                0x08010f7c        0x5 ./Core/Src/smart_watch.o
 *fill*         0x08010f81        0x3 
 .rodata.GLYPH_MINUS.42
                0x08010f84        0x5 ./Core/Src/smart_watch.o
 *fill*         0x08010f89        0x3 
 .rodata.GLYPH_COLON.43
                0x08010f8c        0x5 ./Core/Src/smart_watch.o
 *fill*         0x08010f91        0x3 
 .rodata.GLYPH_DOT.44
                0x08010f94        0x5 ./Core/Src/smart_watch.o
 *fill*         0x08010f99        0x3 
 .rodata.GLYPH_SPACE.45
                0x08010f9c        0x5 ./Core/Src/smart_watch.o
 *fill*         0x08010fa1        0x3 
 .rodata.num_of_days_per_month
                0x08010fa4        0xc ./Core/Src/smart_watch.o
                0x08010fa4                num_of_days_per_month
 .rodata.D1CorePrescTable
                0x08010fb0       0x10 ./Core/Src/system_stm32h7xx.o
                0x08010fb0                D1CorePrescTable
 .rodata.flagBitshiftOffset.0
                0x08010fc0        0x8 ./Drivers/STM32H7xx_HAL_Driver/Src/stm32h7xx_hal_dma.o
 .rodata.JPEG_CHROM_QuantTable.0
                0x08010fc8       0x40 ./Drivers/STM32H7xx_HAL_Driver/Src/stm32h7xx_hal_jpeg.o
 .rodata.JPEG_LUM_QuantTable.1
                0x08011008       0x40 ./Drivers/STM32H7xx_HAL_Driver/Src/stm32h7xx_hal_jpeg.o
 .rodata.JPEG_ZIGZAG_ORDER
                0x08011048       0x40 ./Drivers/STM32H7xx_HAL_Driver/Src/stm32h7xx_hal_jpeg.o
 .rodata.JPEG_ACCHROM_HuffTable
                0x08011088       0xb2 ./Drivers/STM32H7xx_HAL_Driver/Src/stm32h7xx_hal_jpeg.o
 *fill*         0x0801113a        0x2 
 .rodata.JPEG_ACLUM_HuffTable
                0x0801113c       0xb2 ./Drivers/STM32H7xx_HAL_Driver/Src/stm32h7xx_hal_jpeg.o
 *fill*         0x080111ee        0x2 
 .rodata.JPEG_DCCHROM_HuffTable
                0x080111f0       0x1c ./Drivers/STM32H7xx_HAL_Driver/Src/stm32h7xx_hal_jpeg.o
 .rodata.JPEG_DCLUM_HuffTable
                0x0801120c       0x1c ./Drivers/STM32H7xx_HAL_Driver/Src/stm32h7xx_hal_jpeg.o
 .rodata.SD_Driver
                0x08011228       0x14 ./FATFS/Target/sd_diskio.o
                0x08011228                SD_Driver
 .rodata.follow_path.str1.4
                0x0801123c        0xf ./Middlewares/Third_Party/FatFs/src/ff.o
 *fill*         0x0801124b        0x1 
 .rodata.ExCvt  0x0801124c       0x80 ./Middlewares/Third_Party/FatFs/src/ff.o
 .rodata._svfprintf_r.str1.1
                0x080112cc       0x11 D:/ST/STM32CubeIDE_1.15.1/STM32CubeIDE/plugins/com.st.stm32cube.ide.mcu.externaltools.gnu-tools-for-stm32.12.3.rel1.win32_1.0.200.202406191623/tools/bin/../lib/gcc/arm-none-eabi/12.3.1/../../../../arm-none-eabi/lib/thumb/v7e-m+dp/hard\libc_nano.a(libc_a-nano-svfprintf.o)
 .rodata._printf_i.str1.1
                0x080112dd       0x22 D:/ST/STM32CubeIDE_1.15.1/STM32CubeIDE/plugins/com.st.stm32cube.ide.mcu.externaltools.gnu-tools-for-stm32.12.3.rel1.win32_1.0.200.202406191623/tools/bin/../lib/gcc/arm-none-eabi/12.3.1/../../../../arm-none-eabi/lib/thumb/v7e-m+dp/hard\libc_nano.a(libc_a-nano-vfprintf_i.o)
                0x08011300                        . = ALIGN (0x4)
 *fill*         0x080112ff        0x1 

.ARM.extab
 *(.ARM.extab* .gnu.linkonce.armextab.*)

.ARM            0x08011300        0x8
                0x08011300                        __exidx_start = .
 *(.ARM.exidx*)
 .ARM.exidx     0x08011300        0x8 D:/ST/STM32CubeIDE_1.15.1/STM32CubeIDE/plugins/com.st.stm32cube.ide.mcu.externaltools.gnu-tools-for-stm32.12.3.rel1.win32_1.0.200.202406191623/tools/bin/../lib/gcc/arm-none-eabi/12.3.1/../../../../arm-none-eabi/lib/thumb/v7e-m+dp/hard\libc_nano.a(libc_a-strlen.o)
 .ARM.exidx     0x08011308        0x0 D:/ST/STM32CubeIDE_1.15.1/STM32CubeIDE/plugins/com.st.stm32cube.ide.mcu.externaltools.gnu-tools-for-stm32.12.3.rel1.win32_1.0.200.202406191623/tools/bin/../lib/gcc/arm-none-eabi/12.3.1/../../../../arm-none-eabi/lib/thumb/v7e-m+dp/hard\libc_nano.a(libc_a-memchr.o)
                                  0x8 (size before relaxing)
                0x08011308                        __exidx_end = .

.preinit_array  0x08011308        0x0
                0x08011308                        PROVIDE (__preinit_array_start = .)
 *(.preinit_array*)
                0x08011308                        PROVIDE (__preinit_array_end = .)

.init_array     0x08011308        0x4
                0x08011308                        PROVIDE (__init_array_start = .)
 *(SORT_BY_NAME(.init_array.*))
 *(.init_array*)
 .init_array    0x08011308        0x4 D:/ST/STM32CubeIDE_1.15.1/STM32CubeIDE/plugins/com.st.stm32cube.ide.mcu.externaltools.gnu-tools-for-stm32.12.3.rel1.win32_1.0.200.202406191623/tools/bin/../lib/gcc/arm-none-eabi/12.3.1/thumb/v7e-m+dp/hard/crtbegin.o
                0x0801130c                        PROVIDE (__init_array_end = .)

.fini_array     0x0801130c        0x4
                [!provide]                        PROVIDE (__fini_array_start = .)
 *(SORT_BY_NAME(.fini_array.*))
 *(.fini_array*)
 .fini_array    0x0801130c        0x4 D:/ST/STM32CubeIDE_1.15.1/STM32CubeIDE/plugins/com.st.stm32cube.ide.mcu.externaltools.gnu-tools-for-stm32.12.3.rel1.win32_1.0.200.202406191623/tools/bin/../lib/gcc/arm-none-eabi/12.3.1/thumb/v7e-m+dp/hard/crtbegin.o
                [!provide]                        PROVIDE (__fini_array_end = .)
                0x08011310                        _sidata = LOADADDR (.data)

.rel.dyn        0x08011310        0x0
 .rel.iplt      0x08011310        0x0 D:/ST/STM32CubeIDE_1.15.1/STM32CubeIDE/plugins/com.st.stm32cube.ide.mcu.externaltools.gnu-tools-for-stm32.12.3.rel1.win32_1.0.200.202406191623/tools/bin/../lib/gcc/arm-none-eabi/12.3.1/thumb/v7e-m+dp/hard/crtbegin.o

.data           0x24000000       0xac load address 0x08011310
                0x24000000                        . = ALIGN (0x4)
                0x24000000                        _sdata = .
 *(.data)
 *(.data*)
 .data.new_file_flag.46
                0x24000000        0x1 ./Core/Src/smart_watch.o
 *fill*         0x24000001        0x3 
 .data.outputData
                0x24000004        0x4 ./Core/Src/smart_watch.o
                0x24000004                outputData
 .data.dir_path
                0x24000008       0x40 ./Core/Src/smart_watch.o
                0x24000008                dir_path
 .data.SystemD2Clock
                0x24000048        0x4 ./Core/Src/system_stm32h7xx.o
                0x24000048                SystemD2Clock
 .data.SystemCoreClock
                0x2400004c        0x4 ./Core/Src/system_stm32h7xx.o
                0x2400004c                SystemCoreClock
 .data.uwTickFreq
                0x24000050        0x1 ./Drivers/STM32H7xx_HAL_Driver/Src/stm32h7xx_hal.o
                0x24000050                uwTickFreq
 *fill*         0x24000051        0x3 
 .data.uwTickPrio
                0x24000054        0x4 ./Drivers/STM32H7xx_HAL_Driver/Src/stm32h7xx_hal.o
                0x24000054                uwTickPrio
 .data.Stat     0x24000058        0x1 ./FATFS/Target/sd_diskio.o
 *fill*         0x24000059        0x3 
 .data._impure_ptr
                0x2400005c        0x4 D:/ST/STM32CubeIDE_1.15.1/STM32CubeIDE/plugins/com.st.stm32cube.ide.mcu.externaltools.gnu-tools-for-stm32.12.3.rel1.win32_1.0.200.202406191623/tools/bin/../lib/gcc/arm-none-eabi/12.3.1/../../../../arm-none-eabi/lib/thumb/v7e-m+dp/hard\libc_nano.a(libc_a-impure.o)
                0x2400005c                _impure_ptr
 .data._impure_data
                0x24000060       0x4c D:/ST/STM32CubeIDE_1.15.1/STM32CubeIDE/plugins/com.st.stm32cube.ide.mcu.externaltools.gnu-tools-for-stm32.12.3.rel1.win32_1.0.200.202406191623/tools/bin/../lib/gcc/arm-none-eabi/12.3.1/../../../../arm-none-eabi/lib/thumb/v7e-m+dp/hard\libc_nano.a(libc_a-impure.o)
                0x24000060                _impure_data
 *(.RamFunc)
 *(.RamFunc*)
                0x240000ac                        . = ALIGN (0x4)
                0x240000ac                        _edata = .

.igot.plt       0x240000ac        0x0 load address 0x080113bc
 .igot.plt      0x240000ac        0x0 D:/ST/STM32CubeIDE_1.15.1/STM32CubeIDE/plugins/com.st.stm32cube.ide.mcu.externaltools.gnu-tools-for-stm32.12.3.rel1.win32_1.0.200.202406191623/tools/bin/../lib/gcc/arm-none-eabi/12.3.1/thumb/v7e-m+dp/hard/crtbegin.o
                0x240000ac                        . = ALIGN (0x4)

.bss            0x240000b0    0xacbc4 load address 0x080113bc
                0x240000b0                        _sbss = .
                0x240000b0                        __bss_start__ = _sbss
 *(.bss)
 .bss           0x240000b0       0x1c D:/ST/STM32CubeIDE_1.15.1/STM32CubeIDE/plugins/com.st.stm32cube.ide.mcu.externaltools.gnu-tools-for-stm32.12.3.rel1.win32_1.0.200.202406191623/tools/bin/../lib/gcc/arm-none-eabi/12.3.1/thumb/v7e-m+dp/hard/crtbegin.o
 *(.bss*)
 .bss.i2c_repeated_start
                0x240000cc        0x1 ./Core/Src/FXLS8974C.o
                0x240000cc                i2c_repeated_start
 .bss.i2c_rx_cplt
                0x240000cd        0x1 ./Core/Src/FXLS8974C.o
                0x240000cd                i2c_rx_cplt
 .bss.i2c_tx_cplt
                0x240000ce        0x1 ./Core/Src/FXLS8974C.o
                0x240000ce                i2c_tx_cplt
 *fill*         0x240000cf        0x1 
 .bss.count_iter.0
                0x240000d0        0x4 ./Core/Src/GC9A01.o
 .bss.spi_dma_not_ready
                0x240000d4        0x1 ./Core/Src/GC9A01.o
                0x240000d4                spi_dma_not_ready
 *fill*         0x240000d5        0x3 
 .bss.Input_frameIndex
                0x240000d8        0x4 ./Core/Src/decode_dma.o
                0x240000d8                Input_frameIndex
 .bss.Input_frameSize
                0x240000dc        0x4 ./Core/Src/decode_dma.o
                0x240000dc                Input_frameSize
 .bss.JPEGSourceAddress
                0x240000e0        0x4 ./Core/Src/decode_dma.o
                0x240000e0                JPEGSourceAddress
 .bss.FrameBufferAddress
                0x240000e4        0x4 ./Core/Src/decode_dma.o
                0x240000e4                FrameBufferAddress
 .bss.Jpeg_HWDecodingEnd
                0x240000e8        0x4 ./Core/Src/decode_dma.o
                0x240000e8                Jpeg_HWDecodingEnd
 .bss.acc_Handle
                0x240000ec       0x18 ./Core/Src/main.o
                0x240000ec                acc_Handle
 .bss.hadc1     0x24000104       0x64 ./Core/Src/main.o
                0x24000104                hadc1
 .bss.hi2c1     0x24000168       0x54 ./Core/Src/main.o
                0x24000168                hi2c1
 .bss.hrtc      0x240001bc       0x28 ./Core/Src/main.o
                0x240001bc                hrtc
 .bss.JPEG_Info
                0x240001e4       0x14 ./Core/Src/main.o
                0x240001e4                JPEG_Info
 .bss.DMA2D_Handle
                0x240001f8       0x68 ./Core/Src/main.o
                0x240001f8                DMA2D_Handle
 .bss.JPEG_Handle
                0x24000260       0x58 ./Core/Src/main.o
                0x24000260                JPEG_Handle
 .bss.hdma_spi1_tx
                0x240002b8       0x78 ./Core/Src/main.o
                0x240002b8                hdma_spi1_tx
 .bss.hspi1     0x24000330       0x88 ./Core/Src/main.o
                0x24000330                hspi1
 .bss.hsd1      0x240003b8       0x7c ./Core/Src/main.o
                0x240003b8                hsd1
 .bss.count.0   0x24000434        0x2 ./Core/Src/smart_watch.o
 *fill*         0x24000436        0x2 
 .bss.count_iter.1
                0x24000438        0x4 ./Core/Src/smart_watch.o
 .bss.count_iter.2
                0x2400043c        0x4 ./Core/Src/smart_watch.o
 .bss.wake_up   0x24000440        0x1 ./Core/Src/smart_watch.o
                0x24000440                wake_up
 .bss.acc_int   0x24000441        0x1 ./Core/Src/smart_watch.o
                0x24000441                acc_int
 *fill*         0x24000442        0x2 
 .bss.pAcc_Handle
                0x24000444        0x4 ./Core/Src/smart_watch.o
                0x24000444                pAcc_Handle
 .bss.time      0x24000448        0x5 ./Core/Src/smart_watch.o
                0x24000448                time
 *fill*         0x2400044d        0x3 
 .bss.output_data2
                0x24000450    0x2a364 ./Core/Src/smart_watch.o
                0x24000450                output_data2
 .bss.output_data1
                0x2402a7b4    0x2a364 ./Core/Src/smart_watch.o
                0x2402a7b4                output_data1
 .bss.preElab_data
                0x24054b18    0x4b000 ./Core/Src/smart_watch.o
                0x24054b18                preElab_data
 .bss.video     0x2409fb18       0x40 ./Core/Src/smart_watch.o
                0x2409fb18                video
 .bss.MJPEG_AudioBuffer
                0x2409fb58        0x0 ./Core/Src/smart_watch.o
                0x2409fb58                MJPEG_AudioBuffer
 .bss.MJPEG_VideoBuffer
                0x2409fb58     0xc800 ./Core/Src/smart_watch.o
                0x2409fb58                MJPEG_VideoBuffer
 .bss.AVI_Handel
                0x240ac358       0x48 ./Core/Src/smart_watch.o
                0x240ac358                AVI_Handel
 .bss.MJPEG_File
                0x240ac3a0      0x230 ./Core/Src/smart_watch.o
                0x240ac3a0                MJPEG_File
 .bss.SDFatFs   0x240ac5d0      0x230 ./Core/Src/smart_watch.o
                0x240ac5d0                SDFatFs
 .bss.file_count
                0x240ac800        0x2 ./Core/Src/smart_watch.o
                0x240ac800                file_count
 .bss.dir_selected
                0x240ac802        0x1 ./Core/Src/smart_watch.o
                0x240ac802                dir_selected
 .bss.dir_count
                0x240ac803        0x1 ./Core/Src/smart_watch.o
                0x240ac803                dir_count
 .bss.dir_list  0x240ac804      0x1f4 ./Core/Src/smart_watch.o
                0x240ac804                dir_list
 .bss.name      0x240ac9f8        0xe ./Core/Src/smart_watch.o
                0x240ac9f8                name
 *fill*         0x240aca06        0x2 
 .bss.last_btn_int_tick
                0x240aca08        0x4 ./Core/Src/smart_watch.o
 .bss.btn_status
                0x240aca0c        0x1 ./Core/Src/smart_watch.o
                0x240aca0c                btn_status
 *fill*         0x240aca0d        0x3 
 .bss.hmdmaOut.0
                0x240aca10       0x6c ./Core/Src/stm32h7xx_hal_msp.o
 *fill*         0x240aca7c        0x4 
 .bss.hmdmaIn.1
                0x240aca80       0x6c ./Core/Src/stm32h7xx_hal_msp.o
 .bss.__sbrk_heap_end
                0x240acaec        0x4 ./Core/Src/sysmem.o
 .bss.uwTick    0x240acaf0        0x4 ./Drivers/STM32H7xx_HAL_Driver/Src/stm32h7xx_hal.o
                0x240acaf0                uwTick
 .bss.SDPath    0x240acaf4        0x4 ./FATFS/App/fatfs.o
                0x240acaf4                SDPath
 .bss.Files     0x240acaf8       0x20 ./Middlewares/Third_Party/FatFs/src/ff.o
 .bss.Fsid      0x240acb18        0x2 ./Middlewares/Third_Party/FatFs/src/ff.o
 *fill*         0x240acb1a        0x2 
 .bss.FatFs     0x240acb1c        0x4 ./Middlewares/Third_Party/FatFs/src/ff.o
 .bss.disk      0x240acb20        0xc ./Middlewares/Third_Party/FatFs/src/ff_gen_drv.o
                0x240acb20                disk
 .bss.__sf      0x240acb2c      0x138 D:/ST/STM32CubeIDE_1.15.1/STM32CubeIDE/plugins/com.st.stm32cube.ide.mcu.externaltools.gnu-tools-for-stm32.12.3.rel1.win32_1.0.200.202406191623/tools/bin/../lib/gcc/arm-none-eabi/12.3.1/../../../../arm-none-eabi/lib/thumb/v7e-m+dp/hard\libc_nano.a(libc_a-findfp.o)
                0x240acb2c                __sf
 .bss.errno     0x240acc64        0x4 D:/ST/STM32CubeIDE_1.15.1/STM32CubeIDE/plugins/com.st.stm32cube.ide.mcu.externaltools.gnu-tools-for-stm32.12.3.rel1.win32_1.0.200.202406191623/tools/bin/../lib/gcc/arm-none-eabi/12.3.1/../../../../arm-none-eabi/lib/thumb/v7e-m+dp/hard\libc_nano.a(libc_a-reent.o)
                0x240acc64                errno
 .bss.__lock___malloc_recursive_mutex
                0x240acc68        0x1 D:/ST/STM32CubeIDE_1.15.1/STM32CubeIDE/plugins/com.st.stm32cube.ide.mcu.externaltools.gnu-tools-for-stm32.12.3.rel1.win32_1.0.200.202406191623/tools/bin/../lib/gcc/arm-none-eabi/12.3.1/../../../../arm-none-eabi/lib/thumb/v7e-m+dp/hard\libc_nano.a(libc_a-lock.o)
                0x240acc68                __lock___malloc_recursive_mutex
 *fill*         0x240acc69        0x3 
 .bss.__malloc_sbrk_start
                0x240acc6c        0x4 D:/ST/STM32CubeIDE_1.15.1/STM32CubeIDE/plugins/com.st.stm32cube.ide.mcu.externaltools.gnu-tools-for-stm32.12.3.rel1.win32_1.0.200.202406191623/tools/bin/../lib/gcc/arm-none-eabi/12.3.1/../../../../arm-none-eabi/lib/thumb/v7e-m+dp/hard\libc_nano.a(libc_a-mallocr.o)
                0x240acc6c                __malloc_sbrk_start
 .bss.__malloc_free_list
                0x240acc70        0x4 D:/ST/STM32CubeIDE_1.15.1/STM32CubeIDE/plugins/com.st.stm32cube.ide.mcu.externaltools.gnu-tools-for-stm32.12.3.rel1.win32_1.0.200.202406191623/tools/bin/../lib/gcc/arm-none-eabi/12.3.1/../../../../arm-none-eabi/lib/thumb/v7e-m+dp/hard\libc_nano.a(libc_a-mallocr.o)
                0x240acc70                __malloc_free_list
 *(COMMON)
                0x240acc74                        . = ALIGN (0x4)
                0x240acc74                        _ebss = .
                0x240acc74                        __bss_end__ = _ebss

._user_heap_stack
                0x240acc74      0xc04 load address 0x080113bc
                0x240acc78                        . = ALIGN (0x8)
 *fill*         0x240acc74        0x4 
                [!provide]                        PROVIDE (end = .)
                0x240acc78                        PROVIDE (_end = .)
                0x240ad078                        . = (. + _Min_Heap_Size)
 *fill*         0x240acc78      0x400 
                0x240ad878                        . = (. + _Min_Stack_Size)
 *fill*         0x240ad078      0x800 
                0x240ad878                        . = ALIGN (0x8)

/DISCARD/
 libc.a(*)
 libm.a(*)
 libgcc.a(*)

.ARM.attributes
                0x00000000       0x2e
 *(.ARM.attributes)
 .ARM.attributes
                0x00000000       0x20 D:/ST/STM32CubeIDE_1.15.1/STM32CubeIDE/plugins/com.st.stm32cube.ide.mcu.externaltools.gnu-tools-for-stm32.12.3.rel1.win32_1.0.200.202406191623/tools/bin/../lib/gcc/arm-none-eabi/12.3.1/thumb/v7e-m+dp/hard/crti.o
 .ARM.attributes
                0x00000020       0x32 D:/ST/STM32CubeIDE_1.15.1/STM32CubeIDE/plugins/com.st.stm32cube.ide.mcu.externaltools.gnu-tools-for-stm32.12.3.rel1.win32_1.0.200.202406191623/tools/bin/../lib/gcc/arm-none-eabi/12.3.1/thumb/v7e-m+dp/hard/crtbegin.o
 .ARM.attributes
                0x00000052       0x32 ./Core/Src/AVI_parser.o
 .ARM.attributes
                0x00000084       0x32 ./Core/Src/FXLS8974C.o
 .ARM.attributes
                0x000000b6       0x32 ./Core/Src/GC9A01.o
 .ARM.attributes
                0x000000e8       0x32 ./Core/Src/decode_dma.o
 .ARM.attributes
                0x0000011a       0x32 ./Core/Src/main.o
 .ARM.attributes
                0x0000014c       0x32 ./Core/Src/smart_watch.o
 .ARM.attributes
                0x0000017e       0x32 ./Core/Src/stm32h7xx_hal_msp.o
 .ARM.attributes
                0x000001b0       0x32 ./Core/Src/stm32h7xx_it.o
 .ARM.attributes
                0x000001e2       0x32 ./Core/Src/sysmem.o
 .ARM.attributes
                0x00000214       0x32 ./Core/Src/system_stm32h7xx.o
 .ARM.attributes
                0x00000246       0x21 ./Core/Startup/startup_stm32h7b0rbtx.o
 .ARM.attributes
                0x00000267       0x32 ./Drivers/STM32H7xx_HAL_Driver/Src/stm32h7xx_hal.o
 .ARM.attributes
                0x00000299       0x32 ./Drivers/STM32H7xx_HAL_Driver/Src/stm32h7xx_hal_adc.o
 .ARM.attributes
                0x000002cb       0x32 ./Drivers/STM32H7xx_HAL_Driver/Src/stm32h7xx_hal_adc_ex.o
 .ARM.attributes
                0x000002fd       0x32 ./Drivers/STM32H7xx_HAL_Driver/Src/stm32h7xx_hal_cortex.o
 .ARM.attributes
                0x0000032f       0x32 ./Drivers/STM32H7xx_HAL_Driver/Src/stm32h7xx_hal_dma.o
 .ARM.attributes
                0x00000361       0x32 ./Drivers/STM32H7xx_HAL_Driver/Src/stm32h7xx_hal_dma2d.o
 .ARM.attributes
                0x00000393       0x32 ./Drivers/STM32H7xx_HAL_Driver/Src/stm32h7xx_hal_gpio.o
 .ARM.attributes
                0x000003c5       0x32 ./Drivers/STM32H7xx_HAL_Driver/Src/stm32h7xx_hal_i2c.o
 .ARM.attributes
                0x000003f7       0x32 ./Drivers/STM32H7xx_HAL_Driver/Src/stm32h7xx_hal_i2c_ex.o
 .ARM.attributes
                0x00000429       0x32 ./Drivers/STM32H7xx_HAL_Driver/Src/stm32h7xx_hal_jpeg.o
 .ARM.attributes
                0x0000045b       0x32 ./Drivers/STM32H7xx_HAL_Driver/Src/stm32h7xx_hal_mdma.o
 .ARM.attributes
                0x0000048d       0x32 ./Drivers/STM32H7xx_HAL_Driver/Src/stm32h7xx_hal_pwr.o
 .ARM.attributes
                0x000004bf       0x32 ./Drivers/STM32H7xx_HAL_Driver/Src/stm32h7xx_hal_pwr_ex.o
 .ARM.attributes
                0x000004f1       0x32 ./Drivers/STM32H7xx_HAL_Driver/Src/stm32h7xx_hal_rcc.o
 .ARM.attributes
                0x00000523       0x32 ./Drivers/STM32H7xx_HAL_Driver/Src/stm32h7xx_hal_rcc_ex.o
 .ARM.attributes